Component: ARM Compiler 5.06 update 4 (build 422) Tool: armlink [4d35d2]

==============================================================================

Section Cross References

    startup_stm32f103xb.o(RESET) refers to startup_stm32f103xb.o(STACK) for __initial_sp
    startup_stm32f103xb.o(RESET) refers to startup_stm32f103xb.o(.text) for Reset_Handler
    startup_stm32f103xb.o(RESET) refers to stm32f1xx_it.o(i.NMI_Handler) for NMI_Handler
    startup_stm32f103xb.o(RESET) refers to stm32f1xx_it.o(i.HardFault_Handler) for HardFault_Handler
    startup_stm32f103xb.o(RESET) refers to stm32f1xx_it.o(i.MemManage_Handler) for MemManage_Handler
    startup_stm32f103xb.o(RESET) refers to stm32f1xx_it.o(i.BusFault_Handler) for BusFault_Handler
    startup_stm32f103xb.o(RESET) refers to stm32f1xx_it.o(i.UsageFault_Handler) for UsageFault_Handler
    startup_stm32f103xb.o(RESET) refers to stm32f1xx_it.o(i.SVC_Handler) for SVC_Handler
    startup_stm32f103xb.o(RESET) refers to stm32f1xx_it.o(i.DebugMon_Handler) for DebugMon_Handler
    startup_stm32f103xb.o(RESET) refers to stm32f1xx_it.o(i.PendSV_Handler) for PendSV_Handler
    startup_stm32f103xb.o(RESET) refers to stm32f1xx_it.o(i.SysTick_Handler) for SysTick_Handler
    startup_stm32f103xb.o(RESET) refers to stm32f1xx_it.o(i.DMA1_Channel1_IRQHandler) for DMA1_Channel1_IRQHandler
    startup_stm32f103xb.o(RESET) refers to stm32f1xx_it.o(i.DMA1_Channel4_IRQHandler) for DMA1_Channel4_IRQHandler
    startup_stm32f103xb.o(RESET) refers to stm32f1xx_it.o(i.DMA1_Channel5_IRQHandler) for DMA1_Channel5_IRQHandler
    startup_stm32f103xb.o(RESET) refers to stm32f1xx_it.o(i.TIM1_UP_IRQHandler) for TIM1_UP_IRQHandler
    startup_stm32f103xb.o(RESET) refers to stm32f1xx_it.o(i.USART1_IRQHandler) for USART1_IRQHandler
    startup_stm32f103xb.o(.text) refers to system_stm32f1xx.o(i.SystemInit) for SystemInit
    startup_stm32f103xb.o(.text) refers to entry.o(.ARM.Collect$$$$00000000) for __main
    stm32f1xx_hal_adc_ex.o(i.HAL_ADCEx_Calibration_Start) refers to stm32f1xx_hal_adc.o(i.ADC_ConversionStop_Disable) for ADC_ConversionStop_Disable
    stm32f1xx_hal_adc_ex.o(i.HAL_ADCEx_Calibration_Start) refers to stm32f1xx_hal_rcc_ex.o(i.HAL_RCCEx_GetPeriphCLKFreq) for HAL_RCCEx_GetPeriphCLKFreq
    stm32f1xx_hal_adc_ex.o(i.HAL_ADCEx_Calibration_Start) refers to stm32f1xx_hal_adc.o(i.ADC_Enable) for ADC_Enable
    stm32f1xx_hal_adc_ex.o(i.HAL_ADCEx_Calibration_Start) refers to stm32f1xx_hal.o(i.HAL_GetTick) for HAL_GetTick
    stm32f1xx_hal_adc_ex.o(i.HAL_ADCEx_Calibration_Start) refers to system_stm32f1xx.o(.data) for SystemCoreClock
    stm32f1xx_hal_adc_ex.o(i.HAL_ADCEx_InjectedConfigChannel) refers to system_stm32f1xx.o(.data) for SystemCoreClock
    stm32f1xx_hal_adc_ex.o(i.HAL_ADCEx_InjectedPollForConversion) refers to stm32f1xx_hal.o(i.HAL_GetTick) for HAL_GetTick
    stm32f1xx_hal_adc_ex.o(i.HAL_ADCEx_InjectedPollForConversion) refers to stm32f1xx_hal_rcc_ex.o(i.HAL_RCCEx_GetPeriphCLKFreq) for HAL_RCCEx_GetPeriphCLKFreq
    stm32f1xx_hal_adc_ex.o(i.HAL_ADCEx_InjectedPollForConversion) refers to system_stm32f1xx.o(.data) for SystemCoreClock
    stm32f1xx_hal_adc_ex.o(i.HAL_ADCEx_InjectedStart) refers to stm32f1xx_hal_adc.o(i.ADC_Enable) for ADC_Enable
    stm32f1xx_hal_adc_ex.o(i.HAL_ADCEx_InjectedStart_IT) refers to stm32f1xx_hal_adc.o(i.ADC_Enable) for ADC_Enable
    stm32f1xx_hal_adc_ex.o(i.HAL_ADCEx_InjectedStop) refers to stm32f1xx_hal_adc.o(i.ADC_ConversionStop_Disable) for ADC_ConversionStop_Disable
    stm32f1xx_hal_adc_ex.o(i.HAL_ADCEx_InjectedStop_IT) refers to stm32f1xx_hal_adc.o(i.ADC_ConversionStop_Disable) for ADC_ConversionStop_Disable
    stm32f1xx_hal_adc_ex.o(i.HAL_ADCEx_MultiModeStart_DMA) refers to stm32f1xx_hal_adc.o(i.ADC_Enable) for ADC_Enable
    stm32f1xx_hal_adc_ex.o(i.HAL_ADCEx_MultiModeStart_DMA) refers to stm32f1xx_hal_dma.o(i.HAL_DMA_Start_IT) for HAL_DMA_Start_IT
    stm32f1xx_hal_adc_ex.o(i.HAL_ADCEx_MultiModeStart_DMA) refers to stm32f1xx_hal_adc.o(i.ADC_DMAConvCplt) for ADC_DMAConvCplt
    stm32f1xx_hal_adc_ex.o(i.HAL_ADCEx_MultiModeStart_DMA) refers to stm32f1xx_hal_adc.o(i.ADC_DMAHalfConvCplt) for ADC_DMAHalfConvCplt
    stm32f1xx_hal_adc_ex.o(i.HAL_ADCEx_MultiModeStart_DMA) refers to stm32f1xx_hal_adc.o(i.ADC_DMAError) for ADC_DMAError
    stm32f1xx_hal_adc_ex.o(i.HAL_ADCEx_MultiModeStop_DMA) refers to stm32f1xx_hal_adc.o(i.ADC_ConversionStop_Disable) for ADC_ConversionStop_Disable
    stm32f1xx_hal_adc_ex.o(i.HAL_ADCEx_MultiModeStop_DMA) refers to stm32f1xx_hal_dma.o(i.HAL_DMA_Abort) for HAL_DMA_Abort
    stm32f1xx_hal_adc.o(i.ADC_ConversionStop_Disable) refers to stm32f1xx_hal.o(i.HAL_GetTick) for HAL_GetTick
    stm32f1xx_hal_adc.o(i.ADC_DMAConvCplt) refers to stm32f1xx_hal_adc.o(i.HAL_ADC_ConvCpltCallback) for HAL_ADC_ConvCpltCallback
    stm32f1xx_hal_adc.o(i.ADC_DMAError) refers to stm32f1xx_hal_adc.o(i.HAL_ADC_ErrorCallback) for HAL_ADC_ErrorCallback
[...]
    Removing stm32f1xx_hal_pwr.o(i.HAL_PWR_DisableSEVOnPend), (20 bytes).
    Removing stm32f1xx_hal_pwr.o(i.HAL_PWR_DisableSleepOnExit), (20 bytes).
    Removing stm32f1xx_hal_pwr.o(i.HAL_PWR_DisableWakeUpPin), (28 bytes).
    Removing stm32f1xx_hal_pwr.o(i.HAL_PWR_EnableBkUpAccess), (12 bytes).
    Removing stm32f1xx_hal_pwr.o(i.HAL_PWR_EnablePVD), (12 bytes).
    Removing stm32f1xx_hal_pwr.o(i.HAL_PWR_EnableSEVOnPend), (20 bytes).
    Removing stm32f1xx_hal_pwr.o(i.HAL_PWR_EnableSleepOnExit), (20 bytes).
    Removing stm32f1xx_hal_pwr.o(i.HAL_PWR_EnableWakeUpPin), (28 bytes).
    Removing stm32f1xx_hal_pwr.o(i.HAL_PWR_EnterSLEEPMode), (32 bytes).
    Removing stm32f1xx_hal_pwr.o(i.HAL_PWR_EnterSTANDBYMode), (40 bytes).
    Removing stm32f1xx_hal_pwr.o(i.HAL_PWR_EnterSTOPMode), (84 bytes).
    Removing stm32f1xx_hal_pwr.o(i.HAL_PWR_PVDCallback), (2 bytes).
    Removing stm32f1xx_hal_pwr.o(i.HAL_PWR_PVD_IRQHandler), (32 bytes).
    Removing stm32f1xx_hal_pwr.o(i.PWR_OverloadWfe), (6 bytes).
    Removing stm32f1xx_hal.o(.rev16_text), (4 bytes).
    Removing stm32f1xx_hal.o(.revsh_text), (4 bytes).
    Removing stm32f1xx_hal.o(.rrx_text), (6 bytes).
    Removing stm32f1xx_hal.o(i.HAL_DBGMCU_DisableDBGSleepMode), (20 bytes).
    Removing stm32f1xx_hal.o(i.HAL_DBGMCU_DisableDBGStandbyMode), (20 bytes).
    Removing stm32f1xx_hal.o(i.HAL_DBGMCU_DisableDBGStopMode), (20 bytes).
    Removing stm32f1xx_hal.o(i.HAL_DBGMCU_EnableDBGSleepMode), (20 bytes).
    Removing stm32f1xx_hal.o(i.HAL_DBGMCU_EnableDBGStandbyMode), (20 bytes).
    Removing stm32f1xx_hal.o(i.HAL_DBGMCU_EnableDBGStopMode), (20 bytes).
    Removing stm32f1xx_hal.o(i.HAL_DeInit), (36 bytes).
    Removing stm32f1xx_hal.o(i.HAL_Delay), (30 bytes).
    Removing stm32f1xx_hal.o(i.HAL_GetDEVID), (16 bytes).
    Removing stm32f1xx_hal.o(i.HAL_GetHalVersion), (8 bytes).
    Removing stm32f1xx_hal.o(i.HAL_GetREVID), (12 bytes).
    Removing stm32f1xx_hal.o(i.HAL_GetUID), (28 bytes).
    Removing stm32f1xx_hal.o(i.HAL_MspDeInit), (2 bytes).
    Removing stm32f1xx_hal.o(i.HAL_MspInit), (2 bytes).
    Removing stm32f1xx_hal.o(i.HAL_ResumeTick), (18 bytes).
    Removing stm32f1xx_hal.o(i.HAL_SuspendTick), (18 bytes).
    Removing stm32f1xx_hal_uart.o(.rev16_text), (4 bytes).
    Removing stm32f1xx_hal_uart.o(.revsh_text), (4 bytes).
    Removing stm32f1xx_hal_uart.o(.rrx_text), (6 bytes).
    Removing stm32f1xx_hal_uart.o(i.HAL_HalfDuplex_EnableReceiver), (68 bytes).
    Removing stm32f1xx_hal_uart.o(i.HAL_HalfDuplex_EnableTransmitter), (68 bytes).
    Removing stm32f1xx_hal_uart.o(i.HAL_HalfDuplex_Init), (118 bytes).
    Removing stm32f1xx_hal_uart.o(i.HAL_LIN_Init), (134 bytes).
    Removing stm32f1xx_hal_uart.o(i.HAL_LIN_SendBreak), (62 bytes).
    Removing stm32f1xx_hal_uart.o(i.HAL_MultiProcessor_EnterMuteMode), (62 bytes).
    Removing stm32f1xx_hal_uart.o(i.HAL_MultiProcessor_ExitMuteMode), (62 bytes).
    Removing stm32f1xx_hal_uart.o(i.HAL_MultiProcessor_Init), (138 bytes).
    Removing stm32f1xx_hal_uart.o(i.HAL_UART_Abort), (126 bytes).
    Removing stm32f1xx_hal_uart.o(i.HAL_UART_AbortCpltCallback), (2 bytes).
    Removing stm32f1xx_hal_uart.o(i.HAL_UART_AbortReceive), (80 bytes).
    Removing stm32f1xx_hal_uart.o(i.HAL_UART_AbortReceiveCpltCallback), (2 bytes).
    Removing stm32f1xx_hal_uart.o(i.HAL_UART_AbortReceive_IT), (120 bytes).
    Removing stm32f1xx_hal_uart.o(i.HAL_UART_AbortTransmit), (68 bytes).
    Removing stm32f1xx_hal_uart.o(i.HAL_UART_AbortTransmitCpltCallback), (2 bytes).
    Removing stm32f1xx_hal_uart.o(i.HAL_UART_AbortTransmit_IT), (108 bytes).
    Removing stm32f1xx_hal_uart.o(i.HAL_UART_Abort_IT), (216 bytes).
    Removing stm32f1xx_hal_uart.o(i.HAL_UART_DMAPause), (124 bytes).
    Removing stm32f1xx_hal_uart.o(i.HAL_UART_DMAResume), (126 bytes).
    Removing stm32f1xx_hal_uart.o(i.HAL_UART_DMAStop), (102 bytes).
    Removing stm32f1xx_hal_uart.o(i.HAL_UART_DeInit), (46 bytes).
    Removing stm32f1xx_hal_uart.o(i.HAL_UART_GetError), (6 bytes).
    Removing stm32f1xx_hal_uart.o(i.HAL_UART_GetState), (20 bytes).
    Removing stm32f1xx_hal_uart.o(i.HAL_UART_MspDeInit), (2 bytes).
    Removing stm32f1xx_hal_uart.o(i.HAL_UART_MspInit), (2 bytes).
    Removing stm32f1xx_hal_uart.o(i.HAL_UART_Receive), (222 bytes).
    Removing stm32f1xx_hal_uart.o(i.HAL_UART_Receive_IT), (112 bytes).
    Removing stm32f1xx_hal_uart.o(i.HAL_UART_RxCpltCallback), (2 bytes).
    Removing stm32f1xx_hal_uart.o(i.HAL_UART_Transmit), (214 bytes).
    Removing stm32f1xx_hal_uart.o(i.HAL_UART_Transmit_IT), (88 bytes).
    Removing stm32f1xx_hal_uart.o(i.UART_DMARxAbortCallback), (52 bytes).
    Removing stm32f1xx_hal_uart.o(i.UART_DMARxOnlyAbortCallback), (24 bytes).
    Removing stm32f1xx_hal_uart.o(i.UART_DMATxAbortCallback), (52 bytes).
    Removing stm32f1xx_hal_uart.o(i.UART_DMATxOnlyAbortCallback), (24 bytes).
    Removing stm32f1xx_hal_uart.o(i.UART_WaitOnFlagUntilTimeout), (108 bytes).
    Removing stm32f1xx_hal_msp.o(.rev16_text), (4 bytes).
    Removing stm32f1xx_hal_msp.o(.revsh_text), (4 bytes).
    Removing stm32f1xx_hal_msp.o(.rrx_text), (6 bytes).
    Removing main.o(.rev16_text), (4 bytes).
    Removing main.o(.revsh_text), (4 bytes).
    Removing main.o(.rrx_text), (6 bytes).
    Removing main.o(i.Heater_Ctrl), (2 bytes).
    Removing stm32f1xx_it.o(.rev16_text), (4 bytes).
    Removing stm32f1xx_it.o(.revsh_text), (4 bytes).
    Removing stm32f1xx_it.o(.rrx_text), (6 bytes).
    Removing usart.o(.rev16_text), (4 bytes).
    Removing usart.o(.revsh_text), (4 bytes).
    Removing usart.o(.rrx_text), (6 bytes).
    Removing usart.o(i.HAL_UART_MspDeInit), (68 bytes).
    Removing gpio.o(.rev16_text), (4 bytes).
    Removing gpio.o(.revsh_text), (4 bytes).
    Removing gpio.o(.rrx_text), (6 bytes).
    Removing dma.o(.rev16_text), (4 bytes).
    Removing dma.o(.revsh_text), (4 bytes).
    Removing dma.o(.rrx_text), (6 bytes).
    Removing tim.o(.rev16_text), (4 bytes).
    Removing tim.o(.revsh_text), (4 bytes).
    Removing tim.o(.rrx_text), (6 bytes).
    Removing tim.o(i.HAL_TIM_Base_MspDeInit), (40 bytes).
    Removing adc.o(.rev16_text), (4 bytes).
    Removing adc.o(.revsh_text), (4 bytes).
    Removing adc.o(.rrx_text), (6 bytes).
    Removing adc.o(i.HAL_ADC_MspDeInit), (64 bytes).
    Removing spi.o(.rev16_text), (4 bytes).
    Removing spi.o(.revsh_text), (4 bytes).
    Removing spi.o(.rrx_text), (6 bytes).
    Removing spi.o(i.CJ125writeREG), (18 bytes).
    Removing timer.o(i.ReadTimerValue), (20 bytes).
    Removing timer.o(i.StopTimer), (28 bytes).
    Removing dataflash.o(.rev16_text), (4 bytes).
    Removing dataflash.o(.revsh_text), (4 bytes).
    Removing dataflash.o(.rrx_text), (6 bytes).
    Removing dataflash.o(i.Test_Write), (16 bytes).
    Removing system_stm32f1xx.o(.rev16_text), (4 bytes).
    Removing system_stm32f1xx.o(.revsh_text), (4 bytes).
    Removing system_stm32f1xx.o(.rrx_text), (6 bytes).
    Removing system_stm32f1xx.o(i.SystemCoreClockUpdate), (164 bytes).

357 unused section(s) (total 25650 bytes) removed from the image.

==============================================================================

Image Symbol Table

    Local Symbols

    Symbol Name                              Value     Ov Type        Size  Object(Section)

    ../Drivers/STM32F1xx_HAL_Driver/Src/stm32f1xx_hal.c 0x00000000   Number         0  stm32f1xx_hal.o ABSOLUTE
    ../Drivers/STM32F1xx_HAL_Driver/Src/stm32f1xx_hal_adc.c 0x00000000   Number         0  stm32f1xx_hal_adc.o ABSOLUTE
    ../Drivers/STM32F1xx_HAL_Driver/Src/stm32f1xx_hal_adc_ex.c 0x00000000   Number         0  stm32f1xx_hal_adc_ex.o ABSOLUTE
    ../Drivers/STM32F1xx_HAL_Driver/Src/stm32f1xx_hal_cortex.c 0x00000000   Number         0  stm32f1xx_hal_cortex.o ABSOLUTE
    ../Drivers/STM32F1xx_HAL_Driver/Src/stm32f1xx_hal_dma.c 0x00000000   Number         0  stm32f1xx_hal_dma.o ABSOLUTE
    ../Drivers/STM32F1xx_HAL_Driver/Src/stm32f1xx_hal_flash.c 0x00000000   Number         0  stm32f1xx_hal_flash.o ABSOLUTE
    ../Drivers/STM32F1xx_HAL_Driver/Src/stm32f1xx_hal_flash_ex.c 0x00000000   Number         0  stm32f1xx_hal_flash_ex.o ABSOLUTE
    ../Drivers/STM32F1xx_HAL_Driver/Src/stm32f1xx_hal_gpio.c 0x00000000   Number         0  stm32f1xx_hal_gpio.o ABSOLUTE
    ../Drivers/STM32F1xx_HAL_Driver/Src/stm32f1xx_hal_gpio_ex.c 0x00000000   Number         0  stm32f1xx_hal_gpio_ex.o ABSOLUTE
    ../Drivers/STM32F1xx_HAL_Driver/Src/stm32f1xx_hal_pwr.c 0x00000000   Number         0  stm32f1xx_hal_pwr.o ABSOLUTE
    ../Drivers/STM32F1xx_HAL_Driver/Src/stm32f1xx_hal_rcc.c 0x00000000   Number         0  stm32f1xx_hal_rcc.o ABSOLUTE
    ../Drivers/STM32F1xx_HAL_Driver/Src/stm32f1xx_hal_rcc_ex.c 0x00000000   Number         0  stm32f1xx_hal_rcc_ex.o ABSOLUTE
    ../Drivers/STM32F1xx_HAL_Driver/Src/stm32f1xx_hal_tim.c 0x00000000   Number         0  stm32f1xx_hal_tim.o ABSOLUTE
    ../Drivers/STM32F1xx_HAL_Driver/Src/stm32f1xx_hal_tim_ex.c 0x00000000   Number         0  stm32f1xx_hal_tim_ex.o ABSOLUTE
    ../Drivers/STM32F1xx_HAL_Driver/Src/stm32f1xx_hal_uart.c 0x00000000   Number         0  stm32f1xx_hal_uart.o ABSOLUTE
    ../Src/adc.c                             0x00000000   Number         0  adc.o ABSOLUTE
    ../Src/dma.c                             0x00000000   Number         0  dma.o ABSOLUTE
    ../Src/gpio.c                            0x00000000   Number         0  gpio.o ABSOLUTE
    ../Src/main.c                            0x00000000   Number         0  main.o ABSOLUTE
    ../Src/stm32f1xx_hal_msp.c               0x00000000   Number         0  stm32f1xx_hal_msp.o ABSOLUTE
    ../Src/stm32f1xx_it.c                    0x00000000   Number         0  stm32f1xx_it.o ABSOLUTE
    ../Src/system_stm32f1xx.c                0x00000000   Number         0  system_stm32f1xx.o ABSOLUTE
    ../Src/tim.c                             0x00000000   Number         0  tim.o ABSOLUTE
    ../Src/usart.c                           0x00000000   Number         0  usart.o ABSOLUTE
    ../clib/microlib/init/entry.s            0x00000000   Number         0  entry.o ABSOLUTE
    ../clib/microlib/init/entry.s            0x00000000   Number         0  entry9b.o ABSOLUTE
    ../clib/microlib/init/entry.s            0x00000000   Number         0  entry10a.o ABSOLUTE
    ../clib/microlib/init/entry.s            0x00000000   Number         0  entry10b.o ABSOLUTE
    ../clib/microlib/init/entry.s            0x00000000   Number         0  entry11b.o ABSOLUTE
    ../clib/microlib/init/entry.s            0x00000000   Number         0  entry11a.o ABSOLUTE
    ../clib/microlib/init/entry.s            0x00000000   Number         0  entry9a.o ABSOLUTE
    ../clib/microlib/init/entry.s            0x00000000   Number         0  entry8b.o ABSOLUTE
    ../clib/microlib/init/entry.s            0x00000000   Number         0  entry8a.o ABSOLUTE
    ../clib/microlib/init/entry.s            0x00000000   Number         0  entry7a.o ABSOLUTE
    ../clib/microlib/init/entry.s            0x00000000   Number         0  entry5.o ABSOLUTE
    ../clib/microlib/init/entry.s            0x00000000   Number         0  entry7b.o ABSOLUTE
    ../clib/microlib/init/entry.s            0x00000000   Number         0  entry2.o ABSOLUTE
    ../clib/microlib/longlong.c              0x00000000   Number         0  llsshr.o ABSOLUTE
    ../clib/microlib/longlong.c              0x00000000   Number         0  llshl.o ABSOLUTE
    ../clib/microlib/longlong.c              0x00000000   Number         0  llushr.o ABSOLUTE
    ../clib/microlib/stubs.s                 0x00000000   Number         0  iusefp.o ABSOLUTE
    ../fplib/microlib/d2f.c                  0x00000000   Number         0  d2f.o ABSOLUTE
    ../fplib/microlib/fpadd.c                0x00000000   Number         0  dadd.o ABSOLUTE
    ../fplib/microlib/fpdiv.c                0x00000000   Number         0  ddiv.o ABSOLUTE
    ../fplib/microlib/fpdiv.c                0x00000000   Number         0  fdiv.o ABSOLUTE
    ../fplib/microlib/fpepilogue.c           0x00000000   Number         0  fepilogue.o ABSOLUTE
    ../fplib/microlib/fpepilogue.c           0x00000000   Number         0  depilogue.o ABSOLUTE
    ../fplib/microlib/fpfix.c                0x00000000   Number         0  dfixi.o ABSOLUTE
    ../fplib/microlib/fpfix.c                0x00000000   Number         0  ffixi.o ABSOLUTE
    ../fplib/microlib/fpfix.c                0x00000000   Number         0  dfixui.o ABSOLUTE
    ../fplib/microlib/fpflt.c                0x00000000   Number         0  dflti.o ABSOLUTE
    ../fplib/microlib/fpflt.c                0x00000000   Number         0  fflti.o ABSOLUTE
    ../fplib/microlib/fpmul.c                0x00000000   Number         0  dmul.o ABSOLUTE
    ../fplib/microlib/fpmul.c                0x00000000   Number         0  fmul.o ABSOLUTE
    ..\Drivers\STM32F1xx_HAL_Driver\Src\stm32f1xx_hal.c 0x00000000   Number         0  stm32f1xx_hal.o ABSOLUTE
    ..\Drivers\STM32F1xx_HAL_Driver\Src\stm32f1xx_hal_adc.c 0x00000000   Number         0  stm32f1xx_hal_adc.o ABSOLUTE
    ..\Drivers\STM32F1xx_HAL_Driver\Src\stm32f1xx_hal_adc_ex.c 0x00000000   Number         0  stm32f1xx_hal_adc_ex.o ABSOLUTE
    ..\Drivers\STM32F1xx_HAL_Driver\Src\stm32f1xx_hal_cortex.c 0x00000000   Number         0  stm32f1xx_hal_cortex.o ABSOLUTE
    ..\Drivers\STM32F1xx_HAL_Driver\Src\stm32f1xx_hal_dma.c 0x00000000   Number         0  stm32f1xx_hal_dma.o ABSOLUTE
    ..\Drivers\STM32F1xx_HAL_Driver\Src\stm32f1xx_hal_flash.c 0x00000000   Number         0  stm32f1xx_hal_flash.o ABSOLUTE
    ..\Drivers\STM32F1xx_HAL_Driver\Src\stm32f1xx_hal_flash_ex.c 0x00000000   Number         0  stm32f1xx_hal_flash_ex.o ABSOLUTE
    ..\Drivers\STM32F1xx_HAL_Driver\Src\stm32f1xx_hal_gpio.c 0x00000000   Number         0  stm32f1xx_hal_gpio.o ABSOLUTE
    ..\Drivers\STM32F1xx_HAL_Driver\Src\stm32f1xx_hal_gpio_ex.c 0x00000000   Number         0  stm32f1xx_hal_gpio_ex.o ABSOLUTE
    ..\Drivers\STM32F1xx_HAL_Driver\Src\stm32f1xx_hal_pwr.c 0x00000000   Number         0  stm32f1xx_hal_pwr.o ABSOLUTE
    ..\Drivers\STM32F1xx_HAL_Driver\Src\stm32f1xx_hal_rcc.c 0x00000000   Number         0  stm32f1xx_hal_rcc.o ABSOLUTE
    ..\Drivers\STM32F1xx_HAL_Driver\Src\stm32f1xx_hal_rcc_ex.c 0x00000000   Number         0  stm32f1xx_hal_rcc_ex.o ABSOLUTE
    ..\Drivers\STM32F1xx_HAL_Driver\Src\stm32f1xx_hal_tim.c 0x00000000   Number         0  stm32f1xx_hal_tim.o ABSOLUTE
    ..\Drivers\STM32F1xx_HAL_Driver\Src\stm32f1xx_hal_tim_ex.c 0x00000000   Number         0  stm32f1xx_hal_tim_ex.o ABSOLUTE
    ..\Drivers\STM32F1xx_HAL_Driver\Src\stm32f1xx_hal_uart.c 0x00000000   Number         0  stm32f1xx_hal_uart.o ABSOLUTE
    ..\Src\USER\DataFlash.c                  0x00000000   Number         0  dataflash.o ABSOLUTE
    ..\Src\USER\spi.c                        0x00000000   Number         0  spi.o ABSOLUTE
    ..\Src\USER\timer.c                      0x00000000   Number         0  timer.o ABSOLUTE
    ..\Src\adc.c                             0x00000000   Number         0  adc.o ABSOLUTE
    ..\Src\dma.c                             0x00000000   Number         0  dma.o ABSOLUTE
    ..\Src\gpio.c                            0x00000000   Number         0  gpio.o ABSOLUTE
    ..\Src\main.c                            0x00000000   Number         0  main.o ABSOLUTE
    ..\Src\stm32f1xx_hal_msp.c               0x00000000   Number         0  stm32f1xx_hal_msp.o ABSOLUTE
    ..\Src\stm32f1xx_it.c                    0x00000000   Number         0  stm32f1xx_it.o ABSOLUTE
    ..\Src\system_stm32f1xx.c                0x00000000   Number         0  system_stm32f1xx.o ABSOLUTE
    ..\Src\tim.c                             0x00000000   Number         0  tim.o ABSOLUTE
    ..\Src\usart.c                           0x00000000   Number         0  usart.o ABSOLUTE
    ..\\Src\\USER\\DataFlash.c               0x00000000   Number         0  dataflash.o ABSOLUTE
    ..\\Src\\USER\\spi.c                     0x00000000   Number         0  spi.o ABSOLUTE
    cdcmple.s                                0x00000000   Number         0  cdcmple.o ABSOLUTE
    cdrcmple.s                               0x00000000   Number         0  cdrcmple.o ABSOLUTE
    dc.s                                     0x00000000   Number         0  dc.o ABSOLUTE
    handlers.s                               0x00000000   Number         0  handlers.o ABSOLUTE
    init.s                                   0x00000000   Number         0  init.o ABSOLUTE
    startup_stm32f103xb.s                    0x00000000   Number         0  startup_stm32f103xb.o ABSOLUTE
    RESET                                    0x08000000   Section      236  startup_stm32f103xb.o(RESET)
    .ARM.Collect$$$$00000000                 0x080000ec   Section        0  entry.o(.ARM.Collect$$$$00000000)
    .ARM.Collect$$$$00000001                 0x080000ec   Section        4  entry2.o(.ARM.Collect$$$$00000001)
    .ARM.Collect$$$$00000004                 0x080000f0   Section        4  entry5.o(.ARM.Collect$$$$00000004)
    .ARM.Collect$$$$00000008                 0x080000f4   Section        0  entry7b.o(.ARM.Collect$$$$00000008)
    .ARM.Collect$$$$0000000A                 0x080000f4   Section        0  entry8b.o(.ARM.Collect$$$$0000000A)
    .ARM.Collect$$$$0000000B                 0x080000f4   Section        8  entry9a.o(.ARM.Collect$$$$0000000B)
    .ARM.Collect$$$$0000000D                 0x080000fc   Section        0  entry10a.o(.ARM.Collect$$$$0000000D)
    .ARM.Collect$$$$0000000F                 0x080000fc   Section        0  entry11a.o(.ARM.Collect$$$$0000000F)
    .ARM.Collect$$$$00002712                 0x080000fc   Section        4  entry2.o(.ARM.Collect$$$$00002712)
    __lit__00000000                          0x080000fc   Data           4  entry2.o(.ARM.Collect$$$$00002712)
    .text                                    0x08000100   Section       36  startup_stm32f103xb.o(.text)
    .text                                    0x08000124   Section        0  llushr.o(.text)
    .text                                    0x08000144   Section        0  fmul.o(.text)
    .text                                    0x080001a8   Section        0  fdiv.o(.text)
    .text                                    0x08000224   Section        0  dadd.o(.text)
    .text                                    0x08000372   Section        0  dmul.o(.text)
    .text                                    0x08000456   Section        0  ddiv.o(.text)
    .text                                    0x08000534   Section        0  fflti.o(.text)
    .text                                    0x08000546   Section        0  dflti.o(.text)
    .text                                    0x08000568   Section        0  ffixi.o(.text)
    .text                                    0x0800059a   Section        0  dfixi.o(.text)
    .text                                    0x080005d8   Section        0  dfixui.o(.text)
    .text                                    0x0800060c   Section       48  cdcmple.o(.text)
    .text                                    0x0800063c   Section       48  cdrcmple.o(.text)
    .text                                    0x0800066c   Section        0  d2f.o(.text)
    .text                                    0x080006a4   Section        0  llshl.o(.text)
    .text                                    0x080006c2   Section        0  llsshr.o(.text)
    .text                                    0x080006e6   Section        0  iusefp.o(.text)
    .text                                    0x080006e6   Section        0  fepilogue.o(.text)
    .text                                    0x08000754   Section        0  depilogue.o(.text)
    .text                                    0x08000810   Section       36  init.o(.text)
    i.ADC_ConversionStop_Disable             0x08000834   Section        0  stm32f1xx_hal_adc.o(i.ADC_ConversionStop_Disable)
    i.ADC_DMAConvCplt                        0x08000886   Section        0  stm32f1xx_hal_adc.o(i.ADC_DMAConvCplt)
    i.ADC_DMAError                           0x080008d8   Section        0  stm32f1xx_hal_adc.o(i.ADC_DMAError)
    i.ADC_DMAHalfConvCplt                    0x080008f6   Section        0  stm32f1xx_hal_adc.o(i.ADC_DMAHalfConvCplt)
    i.ADC_Enable                             0x08000904   Section        0  stm32f1xx_hal_adc.o(i.ADC_Enable)
    i.BusFault_Handler                       0x08000988   Section        0  stm32f1xx_it.o(i.BusFault_Handler)
    i.CJ125readALL                           0x0800098c   Section        0  spi.o(i.CJ125readALL)
    i.CJ125readREG                           0x080009bc   Section        0  spi.o(i.CJ125readREG)
    i.CJ125readStatus                        0x080009c8   Section        0  spi.o(i.CJ125readStatus)
    i.CJ125readVersion                       0x080009dc   Section        0  spi.o(i.CJ125readVersion)
    i.CJ125writeALL                          0x080009e8   Section        0  spi.o(i.CJ125writeALL)
    i.DMA1_Channel1_IRQHandler               0x08000a0c   Section        0  stm32f1xx_it.o(i.DMA1_Channel1_IRQHandler)
    i.DMA1_Channel4_IRQHandler               0x08000a1c   Section        0  stm32f1xx_it.o(i.DMA1_Channel4_IRQHandler)
    i.DMA1_Channel5_IRQHandler               0x08000a2c   Section        0  stm32f1xx_it.o(i.DMA1_Channel5_IRQHandler)
    i.DMA_SetConfig                          0x08000a3c   Section        0  stm32f1xx_hal_dma.o(i.DMA_SetConfig)
    DMA_SetConfig                            0x08000a3d   Thumb Code    44  stm32f1xx_hal_dma.o(i.DMA_SetConfig)
    i.DebugMon_Handler                       0x08000a68   Section        0  stm32f1xx_it.o(i.DebugMon_Handler)
    i.DelayTimer                             0x08000a6a   Section        0  timer.o(i.DelayTimer)
    i.FLASH_MassErase                        0x08000a84   Section        0  stm32f1xx_hal_flash_ex.o(i.FLASH_MassErase)
    FLASH_MassErase                          0x08000a85   Thumb Code    30  stm32f1xx_hal_flash_ex.o(i.FLASH_MassErase)
    i.FLASH_PageErase                        0x08000aac   Section        0  stm32f1xx_hal_flash_ex.o(i.FLASH_PageErase)
    i.FLASH_Program_HalfWord                 0x08000ad4   Section        0  stm32f1xx_hal_flash.o(i.FLASH_Program_HalfWord)
    FLASH_Program_HalfWord                   0x08000ad5   Thumb Code    22  stm32f1xx_hal_flash.o(i.FLASH_Program_HalfWord)
    i.FLASH_SetErrorCode                     0x08000af4   Section        0  stm32f1xx_hal_flash.o(i.FLASH_SetErrorCode)
    FLASH_SetErrorCode                       0x08000af5   Thumb Code   124  stm32f1xx_hal_flash.o(i.FLASH_SetErrorCode)
    i.FLASH_WaitForLastOperation             0x08000b78   Section        0  stm32f1xx_hal_flash.o(i.FLASH_WaitForLastOperation)
    i.HAL_ADC_ConfigChannel                  0x08000be8   Section        0  stm32f1xx_hal_adc.o(i.HAL_ADC_ConfigChannel)
    i.HAL_ADC_ConvCpltCallback               0x08000d48   Section        0  stm32f1xx_hal_adc.o(i.HAL_ADC_ConvCpltCallback)
    i.HAL_ADC_ConvHalfCpltCallback           0x08000d4a   Section        0  stm32f1xx_hal_adc.o(i.HAL_ADC_ConvHalfCpltCallback)
    i.HAL_ADC_ErrorCallback                  0x08000d4c   Section        0  stm32f1xx_hal_adc.o(i.HAL_ADC_ErrorCallback)
    i.HAL_ADC_Init                           0x08000d50   Section        0  stm32f1xx_hal_adc.o(i.HAL_ADC_Init)
    i.HAL_ADC_MspInit                        0x08000e94   Section        0  adc.o(i.HAL_ADC_MspInit)
    i.HAL_ADC_Start_DMA                      0x08000f44   Section        0  stm32f1xx_hal_adc.o(i.HAL_ADC_Start_DMA)
    i.HAL_DMA_Abort_IT                       0x080010c4   Section        0  stm32f1xx_hal_dma.o(i.HAL_DMA_Abort_IT)
    i.HAL_DMA_IRQHandler                     0x08001174   Section        0  stm32f1xx_hal_dma.o(i.HAL_DMA_IRQHandler)
    i.HAL_DMA_Init                           0x08001310   Section        0  stm32f1xx_hal_dma.o(i.HAL_DMA_Init)
    i.HAL_DMA_Start_IT                       0x08001380   Section        0  stm32f1xx_hal_dma.o(i.HAL_DMA_Start_IT)
    i.HAL_FLASHEx_Erase                      0x0800141c   Section        0  stm32f1xx_hal_flash_ex.o(i.HAL_FLASHEx_Erase)
    i.HAL_FLASH_Lock                         0x080014cc   Section        0  stm32f1xx_hal_flash.o(i.HAL_FLASH_Lock)
    i.HAL_FLASH_Program                      0x080014e0   Section        0  stm32f1xx_hal_flash.o(i.HAL_FLASH_Program)
    i.HAL_FLASH_Unlock                       0x08001590   Section        0  stm32f1xx_hal_flash.o(i.HAL_FLASH_Unlock)
    i.HAL_GPIO_Init                          0x080015bc   Section        0  stm32f1xx_hal_gpio.o(i.HAL_GPIO_Init)
    i.HAL_GPIO_ReadPin                       0x080018d8   Section        0  stm32f1xx_hal_gpio.o(i.HAL_GPIO_ReadPin)
    i.HAL_GPIO_WritePin                      0x080018e8   Section        0  stm32f1xx_hal_gpio.o(i.HAL_GPIO_WritePin)
    i.HAL_GetTick                            0x080018f4   Section        0  stm32f1xx_hal.o(i.HAL_GetTick)
    i.HAL_IncTick                            0x08001900   Section        0  stm32f1xx_hal.o(i.HAL_IncTick)
    i.HAL_Init                               0x08001910   Section        0  stm32f1xx_hal.o(i.HAL_Init)
    i.HAL_InitTick                           0x08001938   Section        0  stm32f1xx_hal.o(i.HAL_InitTick)
    i.HAL_MspInit                            0x08001960   Section        0  stm32f1xx_hal_msp.o(i.HAL_MspInit)
    i.HAL_NVIC_EnableIRQ                     0x080019f4   Section        0  stm32f1xx_hal_cortex.o(i.HAL_NVIC_EnableIRQ)
    i.HAL_NVIC_SetPriority                   0x08001a0e   Section        0  stm32f1xx_hal_cortex.o(i.HAL_NVIC_SetPriority)
    i.HAL_NVIC_SetPriorityGrouping           0x08001a8c   Section        0  stm32f1xx_hal_cortex.o(i.HAL_NVIC_SetPriorityGrouping)
    i.HAL_RCCEx_PeriphCLKConfig              0x08001ab4   Section        0  stm32f1xx_hal_rcc_ex.o(i.HAL_RCCEx_PeriphCLKConfig)
    i.HAL_RCC_ClockConfig                    0x08001be4   Section        0  stm32f1xx_hal_rcc.o(i.HAL_RCC_ClockConfig)
    i.HAL_RCC_GetHCLKFreq                    0x08001d88   Section        0  stm32f1xx_hal_rcc.o(i.HAL_RCC_GetHCLKFreq)
    i.HAL_RCC_GetPCLK1Freq                   0x08001d94   Section        0  stm32f1xx_hal_rcc.o(i.HAL_RCC_GetPCLK1Freq)
    i.HAL_RCC_GetPCLK2Freq                   0x08001db4   Section        0  stm32f1xx_hal_rcc.o(i.HAL_RCC_GetPCLK2Freq)
    i.HAL_RCC_GetSysClockFreq                0x08001dd4   Section        0  stm32f1xx_hal_rcc.o(i.HAL_RCC_GetSysClockFreq)
    i.HAL_RCC_OscConfig                      0x08001e6c   Section        0  stm32f1xx_hal_rcc.o(i.HAL_RCC_OscConfig)
    i.HAL_SYSTICK_CLKSourceConfig            0x080022ac   Section        0  stm32f1xx_hal_cortex.o(i.HAL_SYSTICK_CLKSourceConfig)
    i.HAL_SYSTICK_Callback                   0x080022d4   Section        0  stm32f1xx_hal_cortex.o(i.HAL_SYSTICK_Callback)
    i.HAL_SYSTICK_Config                     0x080022d6   Section        0  stm32f1xx_hal_cortex.o(i.HAL_SYSTICK_Config)
    i.HAL_SYSTICK_IRQHandler                 0x0800230a   Section        0  stm32f1xx_hal_cortex.o(i.HAL_SYSTICK_IRQHandler)
    i.HAL_TIMEx_BreakCallback                0x08002312   Section        0  stm32f1xx_hal_tim_ex.o(i.HAL_TIMEx_BreakCallback)
    i.HAL_TIMEx_CommutationCallback          0x08002314   Section        0  stm32f1xx_hal_tim_ex.o(i.HAL_TIMEx_CommutationCallback)
    i.HAL_TIMEx_ConfigBreakDeadTime          0x08002316   Section        0  stm32f1xx_hal_tim_ex.o(i.HAL_TIMEx_ConfigBreakDeadTime)
    i.HAL_TIMEx_MasterConfigSynchronization  0x08002394   Section        0  stm32f1xx_hal_tim_ex.o(i.HAL_TIMEx_MasterConfigSynchronization)
    i.HAL_TIMEx_PWMN_Start                   0x080023f6   Section        0  stm32f1xx_hal_tim_ex.o(i.HAL_TIMEx_PWMN_Start)
    i.HAL_TIM_Base_Init                      0x08002422   Section        0  stm32f1xx_hal_tim.o(i.HAL_TIM_Base_Init)
    i.HAL_TIM_Base_MspInit                   0x08002458   Section        0  tim.o(i.HAL_TIM_Base_MspInit)
    i.HAL_TIM_Base_Start_IT                  0x0800249c   Section        0  stm32f1xx_hal_tim.o(i.HAL_TIM_Base_Start_IT)
    i.HAL_TIM_ConfigClockSource              0x080024ba   Section        0  stm32f1xx_hal_tim.o(i.HAL_TIM_ConfigClockSource)
    i.HAL_TIM_IC_CaptureCallback             0x080025ec   Section        0  stm32f1xx_hal_tim.o(i.HAL_TIM_IC_CaptureCallback)
    i.HAL_TIM_IRQHandler                     0x080025ee   Section        0  stm32f1xx_hal_tim.o(i.HAL_TIM_IRQHandler)
    i.HAL_TIM_MspPostInit                    0x08002784   Section        0  tim.o(i.HAL_TIM_MspPostInit)
    i.HAL_TIM_OC_DelayElapsedCallback        0x080027ac   Section        0  stm32f1xx_hal_tim.o(i.HAL_TIM_OC_DelayElapsedCallback)
    i.HAL_TIM_PWM_ConfigChannel              0x080027ae   Section        0  stm32f1xx_hal_tim.o(i.HAL_TIM_PWM_ConfigChannel)
    i.HAL_TIM_PWM_Init                       0x080028b6   Section        0  stm32f1xx_hal_tim.o(i.HAL_TIM_PWM_Init)
    i.HAL_TIM_PWM_MspInit                    0x080028ea   Section        0  stm32f1xx_hal_tim.o(i.HAL_TIM_PWM_MspInit)
    i.HAL_TIM_PWM_PulseFinishedCallback      0x080028ec   Section        0  stm32f1xx_hal_tim.o(i.HAL_TIM_PWM_PulseFinishedCallback)
    i.HAL_TIM_PeriodElapsedCallback          0x080028ee   Section        0  tim.o(i.HAL_TIM_PeriodElapsedCallback)
    i.HAL_TIM_TriggerCallback                0x080028f8   Section        0  stm32f1xx_hal_tim.o(i.HAL_TIM_TriggerCallback)
    i.HAL_UART_ErrorCallback                 0x080028fa   Section        0  stm32f1xx_hal_uart.o(i.HAL_UART_ErrorCallback)
    i.HAL_UART_IRQHandler                    0x080028fc   Section        0  stm32f1xx_hal_uart.o(i.HAL_UART_IRQHandler)
    i.HAL_UART_Init                          0x08002a48   Section        0  stm32f1xx_hal_uart.o(i.HAL_UART_Init)
    i.HAL_UART_MspInit                       0x08002abc   Section        0  usart.o(i.HAL_UART_MspInit)
    i.HAL_UART_Receive_DMA                   0x08002bbc   Section        0  stm32f1xx_hal_uart.o(i.HAL_UART_Receive_DMA)
    i.HAL_UART_RxCpltCallback                0x08002c80   Section        0  usart.o(i.HAL_UART_RxCpltCallback)
    i.HAL_UART_RxHalfCpltCallback            0x08002cc0   Section        0  stm32f1xx_hal_uart.o(i.HAL_UART_RxHalfCpltCallback)
    i.HAL_UART_Transmit_DMA                  0x08002cc4   Section        0  stm32f1xx_hal_uart.o(i.HAL_UART_Transmit_DMA)
    i.HAL_UART_TxCpltCallback                0x08002d60   Section        0  stm32f1xx_hal_uart.o(i.HAL_UART_TxCpltCallback)
    i.HAL_UART_TxHalfCpltCallback            0x08002d62   Section        0  stm32f1xx_hal_uart.o(i.HAL_UART_TxHalfCpltCallback)
    i.HardFault_Handler                      0x08002d64   Section        0  stm32f1xx_it.o(i.HardFault_Handler)
    i.IRQ_Handle                             0x08002d68   Section        0  timer.o(i.IRQ_Handle)
    i.Init_PID_Arg                           0x08002dd8   Section        0  main.o(i.Init_PID_Arg)
    i.MX_ADC1_Init                           0x08002e38   Section        0  adc.o(i.MX_ADC1_Init)
    i.MX_DMA_Init                            0x08002edc   Section        0  dma.o(i.MX_DMA_Init)
    i.MX_GPIO_Init                           0x08002f30   Section        0  gpio.o(i.MX_GPIO_Init)
    i.MX_TIM1_Init                           0x08002fe8   Section        0  tim.o(i.MX_TIM1_Init)
    i.MX_USART1_UART_Init                    0x080030cc   Section        0  usart.o(i.MX_USART1_UART_Init)
    i.MemManage_Handler                      0x08003118   Section        0  stm32f1xx_it.o(i.MemManage_Handler)
    i.NMI_Handler                            0x0800311c   Section        0  stm32f1xx_it.o(i.NMI_Handler)
    i.NVIC_GetPriorityGrouping               0x08003120   Section        0  stm32f1xx_hal_cortex.o(i.NVIC_GetPriorityGrouping)
    NVIC_GetPriorityGrouping                 0x08003121   Thumb Code    10  stm32f1xx_hal_cortex.o(i.NVIC_GetPriorityGrouping)
    i.NVIC_SetPriority                       0x08003130   Section        0  stm32f1xx_hal_cortex.o(i.NVIC_SetPriority)
    NVIC_SetPriority                         0x08003131   Thumb Code    32  stm32f1xx_hal_cortex.o(i.NVIC_SetPriority)
    i.PWM_ctrl                               0x08003158   Section        0  main.o(i.PWM_ctrl)
    i.PendSV_Handler                         0x08003284   Section        0  stm32f1xx_it.o(i.PendSV_Handler)
    i.RCC_Delay                              0x08003288   Section        0  stm32f1xx_hal_rcc.o(i.RCC_Delay)
    RCC_Delay                                0x08003289   Thumb Code    36  stm32f1xx_hal_rcc.o(i.RCC_Delay)
    i.ReadTimer                              0x080032b0   Section        0  timer.o(i.ReadTimer)
    i.SPI_Read_Byte                          0x080032f4   Section        0  spi.o(i.SPI_Read_Byte)
    i.SPI_Send                               0x08003330   Section        0  spi.o(i.SPI_Send)
    i.SPI_Write_Byte                         0x080033b0   Section        0  spi.o(i.SPI_Write_Byte)
    i.STMFLASH_Read                          0x080033e8   Section        0  dataflash.o(i.STMFLASH_Read)
    i.STMFLASH_ReadHalfWord                  0x0800340a   Section        0  dataflash.o(i.STMFLASH_ReadHalfWord)
    i.STMFLASH_Write                         0x08003410   Section        0  dataflash.o(i.STMFLASH_Write)
    i.STMFLASH_Write_NoCheck                 0x0800350c   Section        0  dataflash.o(i.STMFLASH_Write_NoCheck)
    i.SVC_Handler                            0x08003538   Section        0  stm32f1xx_it.o(i.SVC_Handler)
    i.Save_PID_Arg                           0x0800353c   Section        0  main.o(i.Save_PID_Arg)
    i.StartTimer                             0x08003554   Section        0  timer.o(i.StartTimer)
    i.Status_main                            0x0800358c   Section        0  main.o(i.Status_main)
    i.SysTick_Handler                        0x08003974   Section        0  stm32f1xx_it.o(i.SysTick_Handler)
    i.SystemClock_Config                     0x08003980   Section        0  main.o(i.SystemClock_Config)
    i.SystemInit                             0x08003a2c   Section        0  system_stm32f1xx.o(i.SystemInit)
    i.TIM1_UP_IRQHandler                     0x08003a84   Section        0  stm32f1xx_it.o(i.TIM1_UP_IRQHandler)
    i.TIM_Base_SetConfig                     0x08003a94   Section        0  stm32f1xx_hal_tim.o(i.TIM_Base_SetConfig)
    i.TIM_CCxNChannelCmd                     0x08003b08   Section        0  stm32f1xx_hal_tim_ex.o(i.TIM_CCxNChannelCmd)
    TIM_CCxNChannelCmd                       0x08003b09   Thumb Code    28  stm32f1xx_hal_tim_ex.o(i.TIM_CCxNChannelCmd)
    i.TIM_ETR_SetConfig                      0x08003b24   Section        0  stm32f1xx_hal_tim.o(i.TIM_ETR_SetConfig)
    TIM_ETR_SetConfig                        0x08003b25   Thumb Code    24  stm32f1xx_hal_tim.o(i.TIM_ETR_SetConfig)
    i.TIM_ITRx_SetConfig                     0x08003b3c   Section        0  stm32f1xx_hal_tim.o(i.TIM_ITRx_SetConfig)
    TIM_ITRx_SetConfig                       0x08003b3d   Thumb Code    20  stm32f1xx_hal_tim.o(i.TIM_ITRx_SetConfig)
    i.TIM_OC1_SetConfig                      0x08003b50   Section        0  stm32f1xx_hal_tim.o(i.TIM_OC1_SetConfig)
    TIM_OC1_SetConfig                        0x08003b51   Thumb Code    96  stm32f1xx_hal_tim.o(i.TIM_OC1_SetConfig)
    i.TIM_OC2_SetConfig                      0x08003bb4   Section        0  stm32f1xx_hal_tim.o(i.TIM_OC2_SetConfig)
    i.TIM_OC3_SetConfig                      0x08003c24   Section        0  stm32f1xx_hal_tim.o(i.TIM_OC3_SetConfig)
    TIM_OC3_SetConfig                        0x08003c25   Thumb Code   104  stm32f1xx_hal_tim.o(i.TIM_OC3_SetConfig)
    i.TIM_OC4_SetConfig                      0x08003c90   Section        0  stm32f1xx_hal_tim.o(i.TIM_OC4_SetConfig)
    TIM_OC4_SetConfig                        0x08003c91   Thumb Code    74  stm32f1xx_hal_tim.o(i.TIM_OC4_SetConfig)
    i.TIM_TI1_ConfigInputStage               0x08003ce0   Section        0  stm32f1xx_hal_tim.o(i.TIM_TI1_ConfigInputStage)
    TIM_TI1_ConfigInputStage                 0x08003ce1   Thumb Code    42  stm32f1xx_hal_tim.o(i.TIM_TI1_ConfigInputStage)
    i.TIM_TI2_ConfigInputStage               0x08003d0a   Section        0  stm32f1xx_hal_tim.o(i.TIM_TI2_ConfigInputStage)
    TIM_TI2_ConfigInputStage                 0x08003d0b   Thumb Code    44  stm32f1xx_hal_tim.o(i.TIM_TI2_ConfigInputStage)
    i.UART_DMAAbortOnError                   0x08003d36   Section        0  stm32f1xx_hal_uart.o(i.UART_DMAAbortOnError)
    UART_DMAAbortOnError                     0x08003d37   Thumb Code    20  stm32f1xx_hal_uart.o(i.UART_DMAAbortOnError)
    i.UART_DMAError                          0x08003d4a   Section        0  stm32f1xx_hal_uart.o(i.UART_DMAError)
    UART_DMAError                            0x08003d4b   Thumb Code    80  stm32f1xx_hal_uart.o(i.UART_DMAError)
    i.UART_DMAReceiveCplt                    0x08003d9a   Section        0  stm32f1xx_hal_uart.o(i.UART_DMAReceiveCplt)
    UART_DMAReceiveCplt                      0x08003d9b   Thumb Code    70  stm32f1xx_hal_uart.o(i.UART_DMAReceiveCplt)
    i.UART_DMARxHalfCplt                     0x08003de0   Section        0  stm32f1xx_hal_uart.o(i.UART_DMARxHalfCplt)
    UART_DMARxHalfCplt                       0x08003de1   Thumb Code    14  stm32f1xx_hal_uart.o(i.UART_DMARxHalfCplt)
    i.UART_DMATransmitCplt                   0x08003dee   Section        0  stm32f1xx_hal_uart.o(i.UART_DMATransmitCplt)
    UART_DMATransmitCplt                     0x08003def   Thumb Code    54  stm32f1xx_hal_uart.o(i.UART_DMATransmitCplt)
    i.UART_DMATxHalfCplt                     0x08003e24   Section        0  stm32f1xx_hal_uart.o(i.UART_DMATxHalfCplt)
    UART_DMATxHalfCplt                       0x08003e25   Thumb Code    14  stm32f1xx_hal_uart.o(i.UART_DMATxHalfCplt)
    i.UART_EndRxTransfer                     0x08003e32   Section        0  stm32f1xx_hal_uart.o(i.UART_EndRxTransfer)
    UART_EndRxTransfer                       0x08003e33   Thumb Code    32  stm32f1xx_hal_uart.o(i.UART_EndRxTransfer)
    i.UART_EndTransmit_IT                    0x08003e52   Section        0  stm32f1xx_hal_uart.o(i.UART_EndTransmit_IT)
    UART_EndTransmit_IT                      0x08003e53   Thumb Code    32  stm32f1xx_hal_uart.o(i.UART_EndTransmit_IT)
    i.UART_EndTxTransfer                     0x08003e72   Section        0  stm32f1xx_hal_uart.o(i.UART_EndTxTransfer)
    UART_EndTxTransfer                       0x08003e73   Thumb Code    20  stm32f1xx_hal_uart.o(i.UART_EndTxTransfer)
    i.UART_Receive_IT                        0x08003e86   Section        0  stm32f1xx_hal_uart.o(i.UART_Receive_IT)
    UART_Receive_IT                          0x08003e87   Thumb Code   166  stm32f1xx_hal_uart.o(i.UART_Receive_IT)
    i.UART_SetConfig                         0x08003f2c   Section        0  stm32f1xx_hal_uart.o(i.UART_SetConfig)
    UART_SetConfig                           0x08003f2d   Thumb Code   450  stm32f1xx_hal_uart.o(i.UART_SetConfig)
    i.UART_Transmit_IT                       0x080040f4   Section        0  stm32f1xx_hal_uart.o(i.UART_Transmit_IT)
    UART_Transmit_IT                         0x080040f5   Thumb Code   104  stm32f1xx_hal_uart.o(i.UART_Transmit_IT)
    i.USART1_IRQHandler                      0x0800415c   Section        0  stm32f1xx_it.o(i.USART1_IRQHandler)
    i.UsageFault_Handler                     0x0800416c   Section        0  stm32f1xx_it.o(i.UsageFault_Handler)
    i._Error_Handler                         0x08004170   Section        0  main.o(i._Error_Handler)
    i.__scatterload_copy                     0x08004174   Section       14  handlers.o(i.__scatterload_copy)
    i.__scatterload_null                     0x08004182   Section        2  handlers.o(i.__scatterload_null)
    i.__scatterload_zeroinit                 0x08004184   Section       14  handlers.o(i.__scatterload_zeroinit)
    i.delay_us                               0x08004192   Section        0  spi.o(i.delay_us)
    i.getAdcAfterFilt                        0x080041a0   Section        0  main.o(i.getAdcAfterFilt)
    i.get_lambda_Ip                          0x080041d0   Section        0  main.o(i.get_lambda_Ip)
    i.get_lambda_O2PP                        0x080042c8   Section        0  main.o(i.get_lambda_O2PP)
    i.get_temp                               0x080043a8   Section        0  main.o(i.get_temp)
    i.main                                   0x08004410   Section        0  main.o(i.main)
    i.sentToTFT                              0x08004638   Section        0  main.o(i.sentToTFT)
    .constdata                               0x0800468c   Section       24  system_stm32f1xx.o(.constdata)
    .data                                    0x20000000   Section        4  stm32f1xx_hal.o(.data)
    .data                                    0x20000008   Section      138  main.o(.data)
    err                                      0x20000090   Data           2  main.o(.data)
    .data                                    0x20000092   Section        3  spi.o(.data)
    .data                                    0x20000098   Section        4  system_stm32f1xx.o(.data)
    .bss                                     0x200000a0   Section       32  stm32f1xx_hal_flash.o(.bss)
    .bss                                     0x200000c0   Section      428  main.o(.bss)
    .bss                                     0x2000026c   Section      200  usart.o(.bss)
    .bss                                     0x20000334   Section       64  tim.o(.bss)
    .bss                                     0x20000374   Section      116  adc.o(.bss)
    .bss                                     0x200003e8   Section       48  timer.o(.bss)
    .bss                                     0x20000418   Section     1024  dataflash.o(.bss)
    STMFLASH_BUF                             0x20000418   Data        1024  dataflash.o(.bss)
    STACK                                    0x20000818   Section     1024  startup_stm32f103xb.o(STACK)

    Global Symbols

    Symbol Name                              Value     Ov Type        Size  Object(Section)

    BuildAttributes$$THM_ISAv4$P$D$K$B$S$PE$A:L22UL41UL21$X:L11$S22US41US21$IEEE1$IW$USESV6$~STKCKD$USESV7$~SHL$OTIME$ROPI$EBA8$MICROLIB$REQ8$PRES8$EABIv2 0x00000000   Number         0  anon$$obj.o ABSOLUTE
    __ARM_use_no_argv                        0x00000000   Number         0  main.o ABSOLUTE
    __cpp_initialize__aeabi_                  - Undefined Weak Reference
    __cxa_finalize                            - Undefined Weak Reference
    __decompress                              - Undefined Weak Reference
    _clock_init                               - Undefined Weak Reference
    _microlib_exit                            - Undefined Weak Reference
    __Vectors_Size                           0x000000ec   Number         0  startup_stm32f103xb.o ABSOLUTE
    __Vectors                                0x08000000   Data           4  startup_stm32f103xb.o(RESET)
    __Vectors_End                            0x080000ec   Data           0  startup_stm32f103xb.o(RESET)
    __main                                   0x080000ed   Thumb Code     0  entry.o(.ARM.Collect$$$$00000000)
    _main_stk                                0x080000ed   Thumb Code     0  entry2.o(.ARM.Collect$$$$00000001)
    _main_scatterload                        0x080000f1   Thumb Code     0  entry5.o(.ARM.Collect$$$$00000004)
    __main_after_scatterload                 0x080000f5   Thumb Code     0  entry5.o(.ARM.Collect$$$$00000004)
    _main_clock                              0x080000f5   Thumb Code     0  entry7b.o(.ARM.Collect$$$$00000008)
    _main_cpp_init                           0x080000f5   Thumb Code     0  entry8b.o(.ARM.Collect$$$$0000000A)
    _main_init                               0x080000f5   Thumb Code     0  entry9a.o(.ARM.Collect$$$$0000000B)
    __rt_final_cpp                           0x080000fd   Thumb Code     0  entry10a.o(.ARM.Collect$$$$0000000D)
    __rt_final_exit                          0x080000fd   Thumb Code     0  entry11a.o(.ARM.Collect$$$$0000000F)
    Reset_Handler                            0x08000101   Thumb Code     8  startup_stm32f103xb.o(.text)
    ADC1_2_IRQHandler                        0x0800011b   Thumb Code     0  startup_stm32f103xb.o(.text)
    CAN1_RX1_IRQHandler                      0x0800011b   Thumb Code     0  startup_stm32f103xb.o(.text)
    CAN1_SCE_IRQHandler                      0x0800011b   Thumb Code     0  startup_stm32f103xb.o(.text)
    DMA1_Channel2_IRQHandler                 0x0800011b   Thumb Code     0  startup_stm32f103xb.o(.text)
    DMA1_Channel3_IRQHandler                 0x0800011b   Thumb Code     0  startup_stm32f103xb.o(.text)
    DMA1_Channel6_IRQHandler                 0x0800011b   Thumb Code     0  startup_stm32f103xb.o(.text)
    DMA1_Channel7_IRQHandler                 0x0800011b   Thumb Code     0  startup_stm32f103xb.o(.text)
    EXTI0_IRQHandler                         0x0800011b   Thumb Code     0  startup_stm32f103xb.o(.text)
    EXTI15_10_IRQHandler                     0x0800011b   Thumb Code     0  startup_stm32f103xb.o(.text)
    EXTI1_IRQHandler                         0x0800011b   Thumb Code     0  startup_stm32f103xb.o(.text)
    EXTI2_IRQHandler                         0x0800011b   Thumb Code     0  startup_stm32f103xb.o(.text)
    EXTI3_IRQHandler                         0x0800011b   Thumb Code     0  startup_stm32f103xb.o(.text)
    EXTI4_IRQHandler                         0x0800011b   Thumb Code     0  startup_stm32f103xb.o(.text)
    EXTI9_5_IRQHandler                       0x0800011b   Thumb Code     0  startup_stm32f103xb.o(.text)
    FLASH_IRQHandler                         0x0800011b   Thumb Code     0  startup_stm32f103xb.o(.text)
    I2C1_ER_IRQHandler                       0x0800011b   Thumb Code     0  startup_stm32f103xb.o(.text)
    I2C1_EV_IRQHandler                       0x0800011b   Thumb Code     0  startup_stm32f103xb.o(.text)
    I2C2_ER_IRQHandler                       0x0800011b   Thumb Code     0  startup_stm32f103xb.o(.text)
    I2C2_EV_IRQHandler                       0x0800011b   Thumb Code     0  startup_stm32f103xb.o(.text)
    PVD_IRQHandler                           0x0800011b   Thumb Code     0  startup_stm32f103xb.o(.text)
    RCC_IRQHandler                           0x0800011b   Thumb Code     0  startup_stm32f103xb.o(.text)
    RTC_Alarm_IRQHandler                     0x0800011b   Thumb Code     0  startup_stm32f103xb.o(.text)
    RTC_IRQHandler                           0x0800011b   Thumb Code     0  startup_stm32f103xb.o(.text)
    SPI1_IRQHandler                          0x0800011b   Thumb Code     0  startup_stm32f103xb.o(.text)
    SPI2_IRQHandler                          0x0800011b   Thumb Code     0  startup_stm32f103xb.o(.text)
    TAMPER_IRQHandler                        0x0800011b   Thumb Code     0  startup_stm32f103xb.o(.text)
    TIM1_BRK_IRQHandler                      0x0800011b   Thumb Code     0  startup_stm32f103xb.o(.text)
    TIM1_CC_IRQHandler                       0x0800011b   Thumb Code     0  startup_stm32f103xb.o(.text)
    TIM1_TRG_COM_IRQHandler                  0x0800011b   Thumb Code     0  startup_stm32f103xb.o(.text)
    TIM2_IRQHandler                          0x0800011b   Thumb Code     0  startup_stm32f103xb.o(.text)
    TIM3_IRQHandler                          0x0800011b   Thumb Code     0  startup_stm32f103xb.o(.text)
    TIM4_IRQHandler                          0x0800011b   Thumb Code     0  startup_stm32f103xb.o(.text)
    USART2_IRQHandler                        0x0800011b   Thumb Code     0  startup_stm32f103xb.o(.text)
    USART3_IRQHandler                        0x0800011b   Thumb Code     0  startup_stm32f103xb.o(.text)
    USBWakeUp_IRQHandler                     0x0800011b   Thumb Code     0  startup_stm32f103xb.o(.text)
    USB_HP_CAN1_TX_IRQHandler                0x0800011b   Thumb Code     0  startup_stm32f103xb.o(.text)
    USB_LP_CAN1_RX0_IRQHandler               0x0800011b   Thumb Code     0  startup_stm32f103xb.o(.text)
    WWDG_IRQHandler                          0x0800011b   Thumb Code     0  startup_stm32f103xb.o(.text)
    __aeabi_llsr                             0x08000125   Thumb Code    32  llushr.o(.text)
    _ll_ushift_r                             0x08000125   Thumb Code     0  llushr.o(.text)
    __aeabi_fmul                             0x08000145   Thumb Code   100  fmul.o(.text)
    __aeabi_fdiv                             0x080001a9   Thumb Code   124  fdiv.o(.text)
    __aeabi_dadd                             0x08000225   Thumb Code   322  dadd.o(.text)
    __aeabi_dsub                             0x08000367   Thumb Code     6  dadd.o(.text)
    __aeabi_drsub                            0x0800036d   Thumb Code     6  dadd.o(.text)
    __aeabi_dmul                             0x08000373   Thumb Code   228  dmul.o(.text)
    __aeabi_ddiv                             0x08000457   Thumb Code   222  ddiv.o(.text)
    __aeabi_i2f                              0x08000535   Thumb Code    18  fflti.o(.text)
    __aeabi_i2d                              0x08000547   Thumb Code    34  dflti.o(.text)
    __aeabi_f2iz                             0x08000569   Thumb Code    50  ffixi.o(.text)
    __aeabi_d2iz                             0x0800059b   Thumb Code    62  dfixi.o(.text)
    __aeabi_d2uiz                            0x080005d9   Thumb Code    50  dfixui.o(.text)
    __aeabi_cdcmpeq                          0x0800060d   Thumb Code     0  cdcmple.o(.text)
    __aeabi_cdcmple                          0x0800060d   Thumb Code    48  cdcmple.o(.text)
    __aeabi_cdrcmple                         0x0800063d   Thumb Code    48  cdrcmple.o(.text)
    __aeabi_d2f                              0x0800066d   Thumb Code    56  d2f.o(.text)
    __aeabi_llsl                             0x080006a5   Thumb Code    30  llshl.o(.text)
    _ll_shift_l                              0x080006a5   Thumb Code     0  llshl.o(.text)
    __aeabi_lasr                             0x080006c3   Thumb Code    36  llsshr.o(.text)
    _ll_sshift_r                             0x080006c3   Thumb Code     0  llsshr.o(.text)
    __I$use$fp                               0x080006e7   Thumb Code     0  iusefp.o(.text)
    _float_round                             0x080006e7   Thumb Code    18  fepilogue.o(.text)
    _float_epilogue                          0x080006f9   Thumb Code    92  fepilogue.o(.text)
    _double_round                            0x08000755   Thumb Code    30  depilogue.o(.text)
    _double_epilogue                         0x08000773   Thumb Code   156  depilogue.o(.text)
    __scatterload                            0x08000811   Thumb Code    28  init.o(.text)
    __scatterload_rt2                        0x08000811   Thumb Code     0  init.o(.text)
    ADC_ConversionStop_Disable               0x08000835   Thumb Code    82  stm32f1xx_hal_adc.o(i.ADC_ConversionStop_Disable)
    ADC_DMAConvCplt                          0x08000887   Thumb Code    82  stm32f1xx_hal_adc.o(i.ADC_DMAConvCplt)
    ADC_DMAError                             0x080008d9   Thumb Code    30  stm32f1xx_hal_adc.o(i.ADC_DMAError)
    ADC_DMAHalfConvCplt                      0x080008f7   Thumb Code    14  stm32f1xx_hal_adc.o(i.ADC_DMAHalfConvCplt)
    ADC_Enable                               0x08000905   Thumb Code   122  stm32f1xx_hal_adc.o(i.ADC_Enable)
    BusFault_Handler                         0x08000989   Thumb Code     4  stm32f1xx_it.o(i.BusFault_Handler)
    CJ125readALL                             0x0800098d   Thumb Code    36  spi.o(i.CJ125readALL)
    CJ125readREG                             0x080009bd   Thumb Code    12  spi.o(i.CJ125readREG)
    CJ125readStatus                          0x080009c9   Thumb Code    16  spi.o(i.CJ125readStatus)
    CJ125readVersion                         0x080009dd   Thumb Code    10  spi.o(i.CJ125readVersion)
    CJ125writeALL                            0x080009e9   Thumb Code    26  spi.o(i.CJ125writeALL)
    DMA1_Channel1_IRQHandler                 0x08000a0d   Thumb Code    10  stm32f1xx_it.o(i.DMA1_Channel1_IRQHandler)
    DMA1_Channel4_IRQHandler                 0x08000a1d   Thumb Code    10  stm32f1xx_it.o(i.DMA1_Channel4_IRQHandler)
    DMA1_Channel5_IRQHandler                 0x08000a2d   Thumb Code    10  stm32f1xx_it.o(i.DMA1_Channel5_IRQHandler)
    DebugMon_Handler                         0x08000a69   Thumb Code     2  stm32f1xx_it.o(i.DebugMon_Handler)
    DelayTimer                               0x08000a6b   Thumb Code    26  timer.o(i.DelayTimer)
    FLASH_PageErase                          0x08000aad   Thumb Code    32  stm32f1xx_hal_flash_ex.o(i.FLASH_PageErase)
    FLASH_WaitForLastOperation               0x08000b79   Thumb Code   106  stm32f1xx_hal_flash.o(i.FLASH_WaitForLastOperation)
    HAL_ADC_ConfigChannel                    0x08000be9   Thumb Code   338  stm32f1xx_hal_adc.o(i.HAL_ADC_ConfigChannel)
    HAL_ADC_ConvCpltCallback                 0x08000d49   Thumb Code     2  stm32f1xx_hal_adc.o(i.HAL_ADC_ConvCpltCallback)
    HAL_ADC_ConvHalfCpltCallback             0x08000d4b   Thumb Code     2  stm32f1xx_hal_adc.o(i.HAL_ADC_ConvHalfCpltCallback)
    HAL_ADC_ErrorCallback                    0x08000d4d   Thumb Code     2  stm32f1xx_hal_adc.o(i.HAL_ADC_ErrorCallback)
    HAL_ADC_Init                             0x08000d51   Thumb Code   314  stm32f1xx_hal_adc.o(i.HAL_ADC_Init)
    HAL_ADC_MspInit                          0x08000e95   Thumb Code   136  adc.o(i.HAL_ADC_MspInit)
    HAL_ADC_Start_DMA                        0x08000f45   Thumb Code   362  stm32f1xx_hal_adc.o(i.HAL_ADC_Start_DMA)
    HAL_DMA_Abort_IT                         0x080010c5   Thumb Code   172  stm32f1xx_hal_dma.o(i.HAL_DMA_Abort_IT)
    HAL_DMA_IRQHandler                       0x08001175   Thumb Code   408  stm32f1xx_hal_dma.o(i.HAL_DMA_IRQHandler)
    HAL_DMA_Init                             0x08001311   Thumb Code   108  stm32f1xx_hal_dma.o(i.HAL_DMA_Init)
    HAL_DMA_Start_IT                         0x08001381   Thumb Code   156  stm32f1xx_hal_dma.o(i.HAL_DMA_Start_IT)
    HAL_FLASHEx_Erase                        0x0800141d   Thumb Code   168  stm32f1xx_hal_flash_ex.o(i.HAL_FLASHEx_Erase)
    HAL_FLASH_Lock                           0x080014cd   Thumb Code    16  stm32f1xx_hal_flash.o(i.HAL_FLASH_Lock)
    HAL_FLASH_Program                        0x080014e1   Thumb Code   168  stm32f1xx_hal_flash.o(i.HAL_FLASH_Program)
    HAL_FLASH_Unlock                         0x08001591   Thumb Code    30  stm32f1xx_hal_flash.o(i.HAL_FLASH_Unlock)
    HAL_GPIO_Init                            0x080015bd   Thumb Code   764  stm32f1xx_hal_gpio.o(i.HAL_GPIO_Init)
    HAL_GPIO_ReadPin                         0x080018d9   Thumb Code    16  stm32f1xx_hal_gpio.o(i.HAL_GPIO_ReadPin)
    HAL_GPIO_WritePin                        0x080018e9   Thumb Code    12  stm32f1xx_hal_gpio.o(i.HAL_GPIO_WritePin)
    HAL_GetTick                              0x080018f5   Thumb Code     6  stm32f1xx_hal.o(i.HAL_GetTick)
    HAL_IncTick                              0x08001901   Thumb Code    12  stm32f1xx_hal.o(i.HAL_IncTick)
    HAL_Init                                 0x08001911   Thumb Code    34  stm32f1xx_hal.o(i.HAL_Init)
    HAL_InitTick                             0x08001939   Thumb Code    36  stm32f1xx_hal.o(i.HAL_InitTick)
    HAL_MspInit                              0x08001961   Thumb Code   140  stm32f1xx_hal_msp.o(i.HAL_MspInit)
    HAL_NVIC_EnableIRQ                       0x080019f5   Thumb Code    26  stm32f1xx_hal_cortex.o(i.HAL_NVIC_EnableIRQ)
    HAL_NVIC_SetPriority                     0x08001a0f   Thumb Code   124  stm32f1xx_hal_cortex.o(i.HAL_NVIC_SetPriority)
    HAL_NVIC_SetPriorityGrouping             0x08001a8d   Thumb Code    32  stm32f1xx_hal_cortex.o(i.HAL_NVIC_SetPriorityGrouping)
    HAL_RCCEx_PeriphCLKConfig                0x08001ab5   Thumb Code   290  stm32f1xx_hal_rcc_ex.o(i.HAL_RCCEx_PeriphCLKConfig)
    HAL_RCC_ClockConfig                      0x08001be5   Thumb Code   402  stm32f1xx_hal_rcc.o(i.HAL_RCC_ClockConfig)
    HAL_RCC_GetHCLKFreq                      0x08001d89   Thumb Code     6  stm32f1xx_hal_rcc.o(i.HAL_RCC_GetHCLKFreq)
    HAL_RCC_GetPCLK1Freq                     0x08001d95   Thumb Code    22  stm32f1xx_hal_rcc.o(i.HAL_RCC_GetPCLK1Freq)
    HAL_RCC_GetPCLK2Freq                     0x08001db5   Thumb Code    22  stm32f1xx_hal_rcc.o(i.HAL_RCC_GetPCLK2Freq)
    HAL_RCC_GetSysClockFreq                  0x08001dd5   Thumb Code   118  stm32f1xx_hal_rcc.o(i.HAL_RCC_GetSysClockFreq)
    HAL_RCC_OscConfig                        0x08001e6d   Thumb Code  1078  stm32f1xx_hal_rcc.o(i.HAL_RCC_OscConfig)
    HAL_SYSTICK_CLKSourceConfig              0x080022ad   Thumb Code    40  stm32f1xx_hal_cortex.o(i.HAL_SYSTICK_CLKSourceConfig)
    HAL_SYSTICK_Callback                     0x080022d5   Thumb Code     2  stm32f1xx_hal_cortex.o(i.HAL_SYSTICK_Callback)
    HAL_SYSTICK_Config                       0x080022d7   Thumb Code    52  stm32f1xx_hal_cortex.o(i.HAL_SYSTICK_Config)
    HAL_SYSTICK_IRQHandler                   0x0800230b   Thumb Code     8  stm32f1xx_hal_cortex.o(i.HAL_SYSTICK_IRQHandler)
    HAL_TIMEx_BreakCallback                  0x08002313   Thumb Code     2  stm32f1xx_hal_tim_ex.o(i.HAL_TIMEx_BreakCallback)
    HAL_TIMEx_CommutationCallback            0x08002315   Thumb Code     2  stm32f1xx_hal_tim_ex.o(i.HAL_TIMEx_CommutationCallback)
    HAL_TIMEx_ConfigBreakDeadTime            0x08002317   Thumb Code   126  stm32f1xx_hal_tim_ex.o(i.HAL_TIMEx_ConfigBreakDeadTime)
    HAL_TIMEx_MasterConfigSynchronization    0x08002395   Thumb Code    98  stm32f1xx_hal_tim_ex.o(i.HAL_TIMEx_MasterConfigSynchronization)
    HAL_TIMEx_PWMN_Start                     0x080023f7   Thumb Code    44  stm32f1xx_hal_tim_ex.o(i.HAL_TIMEx_PWMN_Start)
    HAL_TIM_Base_Init                        0x08002423   Thumb Code    52  stm32f1xx_hal_tim.o(i.HAL_TIM_Base_Init)
    HAL_TIM_Base_MspInit                     0x08002459   Thumb Code    58  tim.o(i.HAL_TIM_Base_MspInit)
    HAL_TIM_Base_Start_IT                    0x0800249d   Thumb Code    30  stm32f1xx_hal_tim.o(i.HAL_TIM_Base_Start_IT)
    HAL_TIM_ConfigClockSource                0x080024bb   Thumb Code   306  stm32f1xx_hal_tim.o(i.HAL_TIM_ConfigClockSource)
    HAL_TIM_IC_CaptureCallback               0x080025ed   Thumb Code     2  stm32f1xx_hal_tim.o(i.HAL_TIM_IC_CaptureCallback)
    HAL_TIM_IRQHandler                       0x080025ef   Thumb Code   406  stm32f1xx_hal_tim.o(i.HAL_TIM_IRQHandler)
    HAL_TIM_MspPostInit                      0x08002785   Thumb Code    32  tim.o(i.HAL_TIM_MspPostInit)
    HAL_TIM_OC_DelayElapsedCallback          0x080027ad   Thumb Code     2  stm32f1xx_hal_tim.o(i.HAL_TIM_OC_DelayElapsedCallback)
    HAL_TIM_PWM_ConfigChannel                0x080027af   Thumb Code   264  stm32f1xx_hal_tim.o(i.HAL_TIM_PWM_ConfigChannel)
    HAL_TIM_PWM_Init                         0x080028b7   Thumb Code    52  stm32f1xx_hal_tim.o(i.HAL_TIM_PWM_Init)
    HAL_TIM_PWM_MspInit                      0x080028eb   Thumb Code     2  stm32f1xx_hal_tim.o(i.HAL_TIM_PWM_MspInit)
    HAL_TIM_PWM_PulseFinishedCallback        0x080028ed   Thumb Code     2  stm32f1xx_hal_tim.o(i.HAL_TIM_PWM_PulseFinishedCallback)
    HAL_TIM_PeriodElapsedCallback            0x080028ef   Thumb Code    10  tim.o(i.HAL_TIM_PeriodElapsedCallback)
    HAL_TIM_TriggerCallback                  0x080028f9   Thumb Code     2  stm32f1xx_hal_tim.o(i.HAL_TIM_TriggerCallback)
    HAL_UART_ErrorCallback                   0x080028fb   Thumb Code     2  stm32f1xx_hal_uart.o(i.HAL_UART_ErrorCallback)
    HAL_UART_IRQHandler                      0x080028fd   Thumb Code   326  stm32f1xx_hal_uart.o(i.HAL_UART_IRQHandler)
    HAL_UART_Init                            0x08002a49   Thumb Code   114  stm32f1xx_hal_uart.o(i.HAL_UART_Init)
    HAL_UART_MspInit                         0x08002abd   Thumb Code   216  usart.o(i.HAL_UART_MspInit)
    HAL_UART_Receive_DMA                     0x08002bbd   Thumb Code   182  stm32f1xx_hal_uart.o(i.HAL_UART_Receive_DMA)
    HAL_UART_RxCpltCallback                  0x08002c81   Thumb Code    46  usart.o(i.HAL_UART_RxCpltCallback)
    HAL_UART_RxHalfCpltCallback              0x08002cc1   Thumb Code     2  stm32f1xx_hal_uart.o(i.HAL_UART_RxHalfCpltCallback)
    HAL_UART_Transmit_DMA                    0x08002cc5   Thumb Code   142  stm32f1xx_hal_uart.o(i.HAL_UART_Transmit_DMA)
    HAL_UART_TxCpltCallback                  0x08002d61   Thumb Code     2  stm32f1xx_hal_uart.o(i.HAL_UART_TxCpltCallback)
    HAL_UART_TxHalfCpltCallback              0x08002d63   Thumb Code     2  stm32f1xx_hal_uart.o(i.HAL_UART_TxHalfCpltCallback)
    HardFault_Handler                        0x08002d65   Thumb Code     4  stm32f1xx_it.o(i.HardFault_Handler)
    IRQ_Handle                               0x08002d69   Thumb Code   106  timer.o(i.IRQ_Handle)
    Init_PID_Arg                             0x08002dd9   Thumb Code    86  main.o(i.Init_PID_Arg)
    MX_ADC1_Init                             0x08002e39   Thumb Code   138  adc.o(i.MX_ADC1_Init)
    MX_DMA_Init                              0x08002edd   Thumb Code    80  dma.o(i.MX_DMA_Init)
    MX_GPIO_Init                             0x08002f31   Thumb Code   170  gpio.o(i.MX_GPIO_Init)
    MX_TIM1_Init                             0x08002fe9   Thumb Code   204  tim.o(i.MX_TIM1_Init)
    MX_USART1_UART_Init                      0x080030cd   Thumb Code    50  usart.o(i.MX_USART1_UART_Init)
    MemManage_Handler                        0x08003119   Thumb Code     4  stm32f1xx_it.o(i.MemManage_Handler)
    NMI_Handler                              0x0800311d   Thumb Code     2  stm32f1xx_it.o(i.NMI_Handler)
    PWM_ctrl                                 0x08003159   Thumb Code   282  main.o(i.PWM_ctrl)
    PendSV_Handler                           0x08003285   Thumb Code     2  stm32f1xx_it.o(i.PendSV_Handler)
    ReadTimer                                0x080032b1   Thumb Code    64  timer.o(i.ReadTimer)
    SPI_Read_Byte                            0x080032f5   Thumb Code    54  spi.o(i.SPI_Read_Byte)
    SPI_Send                                 0x08003331   Thumb Code   118  spi.o(i.SPI_Send)
    SPI_Write_Byte                           0x080033b1   Thumb Code    52  spi.o(i.SPI_Write_Byte)
    STMFLASH_Read                            0x080033e9   Thumb Code    34  dataflash.o(i.STMFLASH_Read)
    STMFLASH_ReadHalfWord                    0x0800340b   Thumb Code     6  dataflash.o(i.STMFLASH_ReadHalfWord)
    STMFLASH_Write                           0x08003411   Thumb Code   242  dataflash.o(i.STMFLASH_Write)
    STMFLASH_Write_NoCheck                   0x0800350d   Thumb Code    44  dataflash.o(i.STMFLASH_Write_NoCheck)
    SVC_Handler                              0x08003539   Thumb Code     2  stm32f1xx_it.o(i.SVC_Handler)
    Save_PID_Arg                             0x0800353d   Thumb Code    14  main.o(i.Save_PID_Arg)
    StartTimer                               0x08003555   Thumb Code    50  timer.o(i.StartTimer)
    Status_main                              0x0800358d   Thumb Code   938  main.o(i.Status_main)
    SysTick_Handler                          0x08003975   Thumb Code    12  stm32f1xx_it.o(i.SysTick_Handler)
    SystemClock_Config                       0x08003981   Thumb Code   156  main.o(i.SystemClock_Config)
    SystemInit                               0x08003a2d   Thumb Code    70  system_stm32f1xx.o(i.SystemInit)
    TIM1_UP_IRQHandler                       0x08003a85   Thumb Code    10  stm32f1xx_it.o(i.TIM1_UP_IRQHandler)
    TIM_Base_SetConfig                       0x08003a95   Thumb Code   102  stm32f1xx_hal_tim.o(i.TIM_Base_SetConfig)
    TIM_OC2_SetConfig                        0x08003bb5   Thumb Code   106  stm32f1xx_hal_tim.o(i.TIM_OC2_SetConfig)
    USART1_IRQHandler                        0x0800415d   Thumb Code    10  stm32f1xx_it.o(i.USART1_IRQHandler)
    UsageFault_Handler                       0x0800416d   Thumb Code     4  stm32f1xx_it.o(i.UsageFault_Handler)
    _Error_Handler                           0x08004171   Thumb Code     4  main.o(i._Error_Handler)
    __scatterload_copy                       0x08004175   Thumb Code    14  handlers.o(i.__scatterload_copy)
    __scatterload_null                       0x08004183   Thumb Code     2  handlers.o(i.__scatterload_null)
    __scatterload_zeroinit                   0x08004185   Thumb Code    14  handlers.o(i.__scatterload_zeroinit)
    delay_us                                 0x08004193   Thumb Code    14  spi.o(i.delay_us)
    getAdcAfterFilt                          0x080041a1   Thumb Code    42  main.o(i.getAdcAfterFilt)
    get_lambda_Ip                            0x080041d1   Thumb Code   206  main.o(i.get_lambda_Ip)
    get_lambda_O2PP                          0x080042c9   Thumb Code   188  main.o(i.get_lambda_O2PP)
    get_temp                                 0x080043a9   Thumb Code   100  main.o(i.get_temp)
    main                                     0x08004411   Thumb Code   490  main.o(i.main)
    sentToTFT                                0x08004639   Thumb Code    72  main.o(i.sentToTFT)
    AHBPrescTable                            0x0800468c   Data          16  system_stm32f1xx.o(.constdata)
    APBPrescTable                            0x0800469c   Data           8  system_stm32f1xx.o(.constdata)
    Region$$Table$$Base                      0x080046a4   Number         0  anon$$obj.o(Region$$Table)
    Region$$Table$$Limit                     0x080046c4   Number         0  anon$$obj.o(Region$$Table)
    uwTick                                   0x20000000   Data           4  stm32f1xx_hal.o(.data)
    temperaturePoint                         0x20000008   Data           2  main.o(.data)
    temp_r                                   0x2000000c   Data          88  main.o(.data)
    saveFlag                                 0x20000064   Data           1  main.o(.data)
    version                                  0x20000065   Data           1  main.o(.data)
    Status_Machine                           0x20000066   Data           1  main.o(.data)
    temp_ua                                  0x20000068   Data           4  main.o(.data)
    temp_ur                                  0x2000006c   Data           4  main.o(.data)
    count_adj                                0x20000070   Data           4  main.o(.data)
    urCurrentInit                            0x20000074   Data           4  main.o(.data)
    temp_UA                                  0x20000078   Data           8  main.o(.data)
    temp_UR                                  0x20000080   Data           8  main.o(.data)
    k3                                       0x20000088   Data           8  main.o(.data)
    reg1                                     0x20000092   Data           1  spi.o(.data)
    reg2                                     0x20000093   Data           1  spi.o(.data)
    reg_status                               0x20000094   Data           1  spi.o(.data)
    SystemCoreClock                          0x20000098   Data           4  system_stm32f1xx.o(.data)
    pFlash                                   0x200000a0   Data          32  stm32f1xx_hal_flash.o(.bss)
    ADC_buff                                 0x200000c0   Data         300  main.o(.bss)
    uart_rx_buff                             0x200001ec   Data           9  main.o(.bss)
    uart_tx_buff                             0x200001f5   Data          50  main.o(.bss)
    PID_Heater                               0x20000228   Data          16  main.o(.bss)
    para_save                                0x20000238   Data          52  main.o(.bss)
    huart1                                   0x2000026c   Data          64  usart.o(.bss)
    hdma_usart1_rx                           0x200002ac   Data          68  usart.o(.bss)
    hdma_usart1_tx                           0x200002f0   Data          68  usart.o(.bss)
    htim1                                    0x20000334   Data          64  tim.o(.bss)
    hadc1                                    0x20000374   Data          48  adc.o(.bss)
    hdma_adc1                                0x200003a4   Data          68  adc.o(.bss)
    TimerTable                               0x200003e8   Data          48  timer.o(.bss)
    __initial_sp                             0x20000c18   Data           0  startup_stm32f103xb.o(STACK)



==============================================================================

Memory Map of the image

  Image Entry point : 0x080000ed

  Load Region LR_IROM1 (Base: 0x08000000, Size: 0x00004760, Max: 0x00010000, ABSOLUTE)

    Execution Region ER_IROM1 (Base: 0x08000000, Size: 0x000046c4, Max: 0x00010000, ABSOLUTE)

    Base Addr    Size         Type   Attr      Idx    E Section Name        Object

    0x08000000   0x000000ec   Data   RO            3    RESET               startup_stm32f103xb.o
    0x080000ec   0x00000000   Code   RO         3193  * .ARM.Collect$$$$00000000  mc_w.l(entry.o)
    0x080000ec   0x00000004   Code   RO         3224    .ARM.Collect$$$$00000001  mc_w.l(entry2.o)
    0x080000f0   0x00000004   Code   RO         3227    .ARM.Collect$$$$00000004  mc_w.l(entry5.o)
    0x080000f4   0x00000000   Code   RO         3229    .ARM.Collect$$$$00000008  mc_w.l(entry7b.o)
    0x080000f4   0x00000000   Code   RO         3231    .ARM.Collect$$$$0000000A  mc_w.l(entry8b.o)
    0x080000f4   0x00000008   Code   RO         3232    .ARM.Collect$$$$0000000B  mc_w.l(entry9a.o)
    0x080000fc   0x00000000   Code   RO         3234    .ARM.Collect$$$$0000000D  mc_w.l(entry10a.o)
    0x080000fc   0x00000000   Code   RO         3236    .ARM.Collect$$$$0000000F  mc_w.l(entry11a.o)
    0x080000fc   0x00000004   Code   RO         3225    .ARM.Collect$$$$00002712  mc_w.l(entry2.o)
    0x08000100   0x00000024   Code   RO            4    .text               startup_stm32f103xb.o
    0x08000124   0x00000020   Code   RO         3196    .text               mc_w.l(llushr.o)
    0x08000144   0x00000064   Code   RO         3198    .text               mf_w.l(fmul.o)
    0x080001a8   0x0000007c   Code   RO         3200    .text               mf_w.l(fdiv.o)
    0x08000224   0x0000014e   Code   RO         3202    .text               mf_w.l(dadd.o)
    0x08000372   0x000000e4   Code   RO         3204    .text               mf_w.l(dmul.o)
    0x08000456   0x000000de   Code   RO         3206    .text               mf_w.l(ddiv.o)
    0x08000534   0x00000012   Code   RO         3208    .text               mf_w.l(fflti.o)
    0x08000546   0x00000022   Code   RO         3210    .text               mf_w.l(dflti.o)
    0x08000568   0x00000032   Code   RO         3212    .text               mf_w.l(ffixi.o)
    0x0800059a   0x0000003e   Code   RO         3214    .text               mf_w.l(dfixi.o)
    0x080005d8   0x00000032   Code   RO         3216    .text               mf_w.l(dfixui.o)
    0x0800060a   0x00000002   PAD
    0x0800060c   0x00000030   Code   RO         3218    .text               mf_w.l(cdcmple.o)
    0x0800063c   0x00000030   Code   RO         3220    .text               mf_w.l(cdrcmple.o)
    0x0800066c   0x00000038   Code   RO         3222    .text               mf_w.l(d2f.o)
    0x080006a4   0x0000001e   Code   RO         3238    .text               mc_w.l(llshl.o)
    0x080006c2   0x00000024   Code   RO         3240    .text               mc_w.l(llsshr.o)
    0x080006e6   0x00000000   Code   RO         3242    .text               mc_w.l(iusefp.o)
    0x080006e6   0x0000006e   Code   RO         3243    .text               mf_w.l(fepilogue.o)
    0x08000754   0x000000ba   Code   RO         3245    .text               mf_w.l(depilogue.o)
    0x0800080e   0x00000002   PAD
    0x08000810   0x00000024   Code   RO         3247    .text               mc_w.l(init.o)
    0x08000834   0x00000052   Code   RO          198    i.ADC_ConversionStop_Disable  stm32f1xx_hal_adc.o
    0x08000886   0x00000052   Code   RO          199    i.ADC_DMAConvCplt   stm32f1xx_hal_adc.o
    0x080008d8   0x0000001e   Code   RO          200    i.ADC_DMAError      stm32f1xx_hal_adc.o
    0x080008f6   0x0000000e   Code   RO          201    i.ADC_DMAHalfConvCplt  stm32f1xx_hal_adc.o
    0x08000904   0x00000084   Code   RO          202    i.ADC_Enable        stm32f1xx_hal_adc.o
    0x08000988   0x00000004   Code   RO         2676    i.BusFault_Handler  stm32f1xx_it.o
    0x0800098c   0x00000030   Code   RO         2974    i.CJ125readALL      spi.o
    0x080009bc   0x0000000c   Code   RO         2975    i.CJ125readREG      spi.o
    0x080009c8   0x00000014   Code   RO         2976    i.CJ125readStatus   spi.o
    0x080009dc   0x0000000a   Code   RO         2977    i.CJ125readVersion  spi.o
    0x080009e6   0x00000002   PAD
    0x080009e8   0x00000024   Code   RO         2978    i.CJ125writeALL     spi.o
    0x08000a0c   0x00000010   Code   RO         2677    i.DMA1_Channel1_IRQHandler  stm32f1xx_it.o
    0x08000a1c   0x00000010   Code   RO         2678    i.DMA1_Channel4_IRQHandler  stm32f1xx_it.o
    0x08000a2c   0x00000010   Code   RO         2679    i.DMA1_Channel5_IRQHandler  stm32f1xx_it.o
    0x08000a3c   0x0000002c   Code   RO         1391    i.DMA_SetConfig     stm32f1xx_hal_dma.o
    0x08000a68   0x00000002   Code   RO         2680    i.DebugMon_Handler  stm32f1xx_it.o
    0x08000a6a   0x0000001a   Code   RO         3055    i.DelayTimer        timer.o
    0x08000a84   0x00000028   Code   RO         1486    i.FLASH_MassErase   stm32f1xx_hal_flash_ex.o
    0x08000aac   0x00000028   Code   RO         1495    i.FLASH_PageErase   stm32f1xx_hal_flash_ex.o
    0x08000ad4   0x00000020   Code   RO          647    i.FLASH_Program_HalfWord  stm32f1xx_hal_flash.o
    0x08000af4   0x00000084   Code   RO          648    i.FLASH_SetErrorCode  stm32f1xx_hal_flash.o
    0x08000b78   0x00000070   Code   RO          649    i.FLASH_WaitForLastOperation  stm32f1xx_hal_flash.o
    0x08000be8   0x00000160   Code   RO          204    i.HAL_ADC_ConfigChannel  stm32f1xx_hal_adc.o
    0x08000d48   0x00000002   Code   RO          205    i.HAL_ADC_ConvCpltCallback  stm32f1xx_hal_adc.o
    0x08000d4a   0x00000002   Code   RO          206    i.HAL_ADC_ConvHalfCpltCallback  stm32f1xx_hal_adc.o
    0x08000d4c   0x00000002   Code   RO          208    i.HAL_ADC_ErrorCallback  stm32f1xx_hal_adc.o
    0x08000d4e   0x00000002   PAD
    0x08000d50   0x00000144   Code   RO          213    i.HAL_ADC_Init      stm32f1xx_hal_adc.o
    0x08000e94   0x000000b0   Code   RO         2933    i.HAL_ADC_MspInit   adc.o
    0x08000f44   0x00000180   Code   RO          220    i.HAL_ADC_Start_DMA  stm32f1xx_hal_adc.o
    0x080010c4   0x000000b0   Code   RO         1393    i.HAL_DMA_Abort_IT  stm32f1xx_hal_dma.o
    0x08001174   0x0000019c   Code   RO         1397    i.HAL_DMA_IRQHandler  stm32f1xx_hal_dma.o
    0x08001310   0x00000070   Code   RO         1398    i.HAL_DMA_Init      stm32f1xx_hal_dma.o
    0x08001380   0x0000009c   Code   RO         1402    i.HAL_DMA_Start_IT  stm32f1xx_hal_dma.o
    0x0800141c   0x000000b0   Code   RO         1496    i.HAL_FLASHEx_Erase  stm32f1xx_hal_flash_ex.o
    0x080014cc   0x00000014   Code   RO          653    i.HAL_FLASH_Lock    stm32f1xx_hal_flash.o
    0x080014e0   0x000000b0   Code   RO          658    i.HAL_FLASH_Program  stm32f1xx_hal_flash.o
    0x08001590   0x0000002c   Code   RO          660    i.HAL_FLASH_Unlock  stm32f1xx_hal_flash.o
    0x080015bc   0x0000031c   Code   RO         1702    i.HAL_GPIO_Init     stm32f1xx_hal_gpio.o
    0x080018d8   0x00000010   Code   RO         1704    i.HAL_GPIO_ReadPin  stm32f1xx_hal_gpio.o
    0x080018e8   0x0000000c   Code   RO         1706    i.HAL_GPIO_WritePin  stm32f1xx_hal_gpio.o
    0x080018f4   0x0000000c   Code   RO         2059    i.HAL_GetTick       stm32f1xx_hal.o
    0x08001900   0x00000010   Code   RO         2061    i.HAL_IncTick       stm32f1xx_hal.o
    0x08001910   0x00000028   Code   RO         2062    i.HAL_Init          stm32f1xx_hal.o
    0x08001938   0x00000028   Code   RO         2063    i.HAL_InitTick      stm32f1xx_hal.o
    0x08001960   0x00000094   Code   RO         2520    i.HAL_MspInit       stm32f1xx_hal_msp.o
    0x080019f4   0x0000001a   Code   RO         1767    i.HAL_NVIC_EnableIRQ  stm32f1xx_hal_cortex.o
    0x08001a0e   0x0000007c   Code   RO         1773    i.HAL_NVIC_SetPriority  stm32f1xx_hal_cortex.o
    0x08001a8a   0x00000002   PAD
    0x08001a8c   0x00000028   Code   RO         1774    i.HAL_NVIC_SetPriorityGrouping  stm32f1xx_hal_cortex.o
    0x08001ab4   0x00000130   Code   RO          380    i.HAL_RCCEx_PeriphCLKConfig  stm32f1xx_hal_rcc_ex.o
    0x08001be4   0x000001a4   Code   RO         1593    i.HAL_RCC_ClockConfig  stm32f1xx_hal_rcc.o
    0x08001d88   0x0000000c   Code   RO         1598    i.HAL_RCC_GetHCLKFreq  stm32f1xx_hal_rcc.o
    0x08001d94   0x00000020   Code   RO         1600    i.HAL_RCC_GetPCLK1Freq  stm32f1xx_hal_rcc.o
    0x08001db4   0x00000020   Code   RO         1601    i.HAL_RCC_GetPCLK2Freq  stm32f1xx_hal_rcc.o
    0x08001dd4   0x00000098   Code   RO         1602    i.HAL_RCC_GetSysClockFreq  stm32f1xx_hal_rcc.o
    0x08001e6c   0x00000440   Code   RO         1605    i.HAL_RCC_OscConfig  stm32f1xx_hal_rcc.o
    0x080022ac   0x00000028   Code   RO         1776    i.HAL_SYSTICK_CLKSourceConfig  stm32f1xx_hal_cortex.o
    0x080022d4   0x00000002   Code   RO         1777    i.HAL_SYSTICK_Callback  stm32f1xx_hal_cortex.o
    0x080022d6   0x00000034   Code   RO         1778    i.HAL_SYSTICK_Config  stm32f1xx_hal_cortex.o
    0x0800230a   0x00000008   Code   RO         1779    i.HAL_SYSTICK_IRQHandler  stm32f1xx_hal_cortex.o
    0x08002312   0x00000002   Code   RO          414    i.HAL_TIMEx_BreakCallback  stm32f1xx_hal_tim_ex.o
    0x08002314   0x00000002   Code   RO          415    i.HAL_TIMEx_CommutationCallback  stm32f1xx_hal_tim_ex.o
    0x08002316   0x0000007e   Code   RO          416    i.HAL_TIMEx_ConfigBreakDeadTime  stm32f1xx_hal_tim_ex.o
    0x08002394   0x00000062   Code   RO          431    i.HAL_TIMEx_MasterConfigSynchronization  stm32f1xx_hal_tim_ex.o
    0x080023f6   0x0000002c   Code   RO          442    i.HAL_TIMEx_PWMN_Start  stm32f1xx_hal_tim_ex.o
    0x08002422   0x00000034   Code   RO          752    i.HAL_TIM_Base_Init  stm32f1xx_hal_tim.o
    0x08002456   0x00000002   PAD
    0x08002458   0x00000044   Code   RO         2879    i.HAL_TIM_Base_MspInit  tim.o
    0x0800249c   0x0000001e   Code   RO          757    i.HAL_TIM_Base_Start_IT  stm32f1xx_hal_tim.o
    0x080024ba   0x00000132   Code   RO          761    i.HAL_TIM_ConfigClockSource  stm32f1xx_hal_tim.o
    0x080025ec   0x00000002   Code   RO          781    i.HAL_TIM_IC_CaptureCallback  stm32f1xx_hal_tim.o
    0x080025ee   0x00000196   Code   RO          794    i.HAL_TIM_IRQHandler  stm32f1xx_hal_tim.o
    0x08002784   0x00000028   Code   RO         2880    i.HAL_TIM_MspPostInit  tim.o
    0x080027ac   0x00000002   Code   RO          797    i.HAL_TIM_OC_DelayElapsedCallback  stm32f1xx_hal_tim.o
    0x080027ae   0x00000108   Code   RO          818    i.HAL_TIM_PWM_ConfigChannel  stm32f1xx_hal_tim.o
    0x080028b6   0x00000034   Code   RO          821    i.HAL_TIM_PWM_Init  stm32f1xx_hal_tim.o
    0x080028ea   0x00000002   Code   RO          823    i.HAL_TIM_PWM_MspInit  stm32f1xx_hal_tim.o
    0x080028ec   0x00000002   Code   RO          824    i.HAL_TIM_PWM_PulseFinishedCallback  stm32f1xx_hal_tim.o
    0x080028ee   0x0000000a   Code   RO         2881    i.HAL_TIM_PeriodElapsedCallback  tim.o
    0x080028f8   0x00000002   Code   RO          835    i.HAL_TIM_TriggerCallback  stm32f1xx_hal_tim.o
    0x080028fa   0x00000002   Code   RO         2210    i.HAL_UART_ErrorCallback  stm32f1xx_hal_uart.o
    0x080028fc   0x0000014c   Code   RO         2213    i.HAL_UART_IRQHandler  stm32f1xx_hal_uart.o
    0x08002a48   0x00000072   Code   RO         2214    i.HAL_UART_Init     stm32f1xx_hal_uart.o
    0x08002aba   0x00000002   PAD
    0x08002abc   0x00000100   Code   RO         2783    i.HAL_UART_MspInit  usart.o
    0x08002bbc   0x000000c4   Code   RO         2218    i.HAL_UART_Receive_DMA  stm32f1xx_hal_uart.o
    0x08002c80   0x00000040   Code   RO         2784    i.HAL_UART_RxCpltCallback  usart.o
    0x08002cc0   0x00000002   Code   RO         2221    i.HAL_UART_RxHalfCpltCallback  stm32f1xx_hal_uart.o
    0x08002cc2   0x00000002   PAD
    0x08002cc4   0x0000009c   Code   RO         2223    i.HAL_UART_Transmit_DMA  stm32f1xx_hal_uart.o
    0x08002d60   0x00000002   Code   RO         2225    i.HAL_UART_TxCpltCallback  stm32f1xx_hal_uart.o
    0x08002d62   0x00000002   Code   RO         2226    i.HAL_UART_TxHalfCpltCallback  stm32f1xx_hal_uart.o
    0x08002d64   0x00000004   Code   RO         2681    i.HardFault_Handler  stm32f1xx_it.o
    0x08002d68   0x00000070   Code   RO         3056    i.IRQ_Handle        timer.o
    0x08002dd8   0x00000060   Code   RO         2545    i.Init_PID_Arg      main.o
    0x08002e38   0x000000a4   Code   RO         2934    i.MX_ADC1_Init      adc.o
    0x08002edc   0x00000054   Code   RO         2854    i.MX_DMA_Init       dma.o
    0x08002f30   0x000000b8   Code   RO         2830    i.MX_GPIO_Init      gpio.o
    0x08002fe8   0x000000e4   Code   RO         2882    i.MX_TIM1_Init      tim.o
    0x080030cc   0x0000004c   Code   RO         2785    i.MX_USART1_UART_Init  usart.o
    0x08003118   0x00000004   Code   RO         2682    i.MemManage_Handler  stm32f1xx_it.o
    0x0800311c   0x00000002   Code   RO         2683    i.NMI_Handler       stm32f1xx_it.o
    0x0800311e   0x00000002   PAD
    0x08003120   0x00000010   Code   RO         1780    i.NVIC_GetPriorityGrouping  stm32f1xx_hal_cortex.o
    0x08003130   0x00000028   Code   RO         1781    i.NVIC_SetPriority  stm32f1xx_hal_cortex.o
    0x08003158   0x0000012c   Code   RO         2546    i.PWM_ctrl          main.o
    0x08003284   0x00000002   Code   RO         2684    i.PendSV_Handler    stm32f1xx_it.o
    0x08003286   0x00000002   PAD
    0x08003288   0x00000028   Code   RO         1606    i.RCC_Delay         stm32f1xx_hal_rcc.o
    0x080032b0   0x00000044   Code   RO         3057    i.ReadTimer         timer.o
    0x080032f4   0x0000003c   Code   RO         2980    i.SPI_Read_Byte     spi.o
    0x08003330   0x00000080   Code   RO         2981    i.SPI_Send          spi.o
    0x080033b0   0x00000038   Code   RO         2982    i.SPI_Write_Byte    spi.o
    0x080033e8   0x00000022   Code   RO         3106    i.STMFLASH_Read     dataflash.o
    0x0800340a   0x00000006   Code   RO         3107    i.STMFLASH_ReadHalfWord  dataflash.o
    0x08003410   0x000000fc   Code   RO         3108    i.STMFLASH_Write    dataflash.o
    0x0800350c   0x0000002c   Code   RO         3109    i.STMFLASH_Write_NoCheck  dataflash.o
    0x08003538   0x00000002   Code   RO         2685    i.SVC_Handler       stm32f1xx_it.o
    0x0800353a   0x00000002   PAD
    0x0800353c   0x00000018   Code   RO         2547    i.Save_PID_Arg      main.o
    0x08003554   0x00000038   Code   RO         3059    i.StartTimer        timer.o
    0x0800358c   0x000003e8   Code   RO         2548    i.Status_main       main.o
    0x08003974   0x0000000c   Code   RO         2686    i.SysTick_Handler   stm32f1xx_it.o
    0x08003980   0x000000ac   Code   RO         2549    i.SystemClock_Config  main.o
    0x08003a2c   0x00000058   Code   RO         3160    i.SystemInit        system_stm32f1xx.o
    0x08003a84   0x00000010   Code   RO         2687    i.TIM1_UP_IRQHandler  stm32f1xx_it.o
    0x08003a94   0x00000074   Code   RO          836    i.TIM_Base_SetConfig  stm32f1xx_hal_tim.o
    0x08003b08   0x0000001c   Code   RO          449    i.TIM_CCxNChannelCmd  stm32f1xx_hal_tim_ex.o
    0x08003b24   0x00000018   Code   RO          843    i.TIM_ETR_SetConfig  stm32f1xx_hal_tim.o
    0x08003b3c   0x00000014   Code   RO          844    i.TIM_ITRx_SetConfig  stm32f1xx_hal_tim.o
    0x08003b50   0x00000064   Code   RO          845    i.TIM_OC1_SetConfig  stm32f1xx_hal_tim.o
    0x08003bb4   0x00000070   Code   RO          846    i.TIM_OC2_SetConfig  stm32f1xx_hal_tim.o
    0x08003c24   0x0000006c   Code   RO          847    i.TIM_OC3_SetConfig  stm32f1xx_hal_tim.o
    0x08003c90   0x00000050   Code   RO          848    i.TIM_OC4_SetConfig  stm32f1xx_hal_tim.o
    0x08003ce0   0x0000002a   Code   RO          850    i.TIM_TI1_ConfigInputStage  stm32f1xx_hal_tim.o
    0x08003d0a   0x0000002c   Code   RO          852    i.TIM_TI2_ConfigInputStage  stm32f1xx_hal_tim.o
    0x08003d36   0x00000014   Code   RO         2227    i.UART_DMAAbortOnError  stm32f1xx_hal_uart.o
    0x08003d4a   0x00000050   Code   RO         2228    i.UART_DMAError     stm32f1xx_hal_uart.o
    0x08003d9a   0x00000046   Code   RO         2229    i.UART_DMAReceiveCplt  stm32f1xx_hal_uart.o
    0x08003de0   0x0000000e   Code   RO         2231    i.UART_DMARxHalfCplt  stm32f1xx_hal_uart.o
    0x08003dee   0x00000036   Code   RO         2233    i.UART_DMATransmitCplt  stm32f1xx_hal_uart.o
    0x08003e24   0x0000000e   Code   RO         2235    i.UART_DMATxHalfCplt  stm32f1xx_hal_uart.o
    0x08003e32   0x00000020   Code   RO         2237    i.UART_EndRxTransfer  stm32f1xx_hal_uart.o
    0x08003e52   0x00000020   Code   RO         2238    i.UART_EndTransmit_IT  stm32f1xx_hal_uart.o
    0x08003e72   0x00000014   Code   RO         2239    i.UART_EndTxTransfer  stm32f1xx_hal_uart.o
    0x08003e86   0x000000a6   Code   RO         2240    i.UART_Receive_IT   stm32f1xx_hal_uart.o
    0x08003f2c   0x000001c8   Code   RO         2241    i.UART_SetConfig    stm32f1xx_hal_uart.o
    0x080040f4   0x00000068   Code   RO         2242    i.UART_Transmit_IT  stm32f1xx_hal_uart.o
    0x0800415c   0x00000010   Code   RO         2688    i.USART1_IRQHandler  stm32f1xx_it.o
    0x0800416c   0x00000004   Code   RO         2689    i.UsageFault_Handler  stm32f1xx_it.o
    0x08004170   0x00000004   Code   RO         2550    i._Error_Handler    main.o
    0x08004174   0x0000000e   Code   RO         3251    i.__scatterload_copy  mc_w.l(handlers.o)
    0x08004182   0x00000002   Code   RO         3252    i.__scatterload_null  mc_w.l(handlers.o)
    0x08004184   0x0000000e   Code   RO         3253    i.__scatterload_zeroinit  mc_w.l(handlers.o)
    0x08004192   0x0000000e   Code   RO         2983    i.delay_us          spi.o
    0x080041a0   0x00000030   Code   RO         2551    i.getAdcAfterFilt   main.o
    0x080041d0   0x000000f8   Code   RO         2552    i.get_lambda_Ip     main.o
    0x080042c8   0x000000e0   Code   RO         2553    i.get_lambda_O2PP   main.o
    0x080043a8   0x00000068   Code   RO         2554    i.get_temp          main.o
    0x08004410   0x00000228   Code   RO         2555    i.main              main.o
    0x08004638   0x00000054   Code   RO         2556    i.sentToTFT         main.o
    0x0800468c   0x00000018   Data   RO         3161    .constdata          system_stm32f1xx.o
    0x080046a4   0x00000020   Data   RO         3249    Region$$Table       anon$$obj.o


    Execution Region RW_IRAM1 (Base: 0x20000000, Size: 0x00000c18, Max: 0x00005000, ABSOLUTE)

    Base Addr    Size         Type   Attr      Idx    E Section Name        Object

    0x20000000   0x00000004   Data   RW         2068    .data               stm32f1xx_hal.o
    0x20000004   0x00000004   PAD
    0x20000008   0x0000008a   Data   RW         2558    .data               main.o
    0x20000092   0x00000003   Data   RW         2984    .data               spi.o
    0x20000095   0x00000003   PAD
    0x20000098   0x00000004   Data   RW         3162    .data               system_stm32f1xx.o
    0x2000009c   0x00000004   PAD
    0x200000a0   0x00000020   Zero   RW          661    .bss                stm32f1xx_hal_flash.o
    0x200000c0   0x000001ac   Zero   RW         2557    .bss                main.o
    0x2000026c   0x000000c8   Zero   RW         2786    .bss                usart.o
    0x20000334   0x00000040   Zero   RW         2883    .bss                tim.o
    0x20000374   0x00000074   Zero   RW         2935    .bss                adc.o
    0x200003e8   0x00000030   Zero   RW         3061    .bss                timer.o
    0x20000418   0x00000400   Zero   RW         3111    .bss                dataflash.o
    0x20000818   0x00000400   Zero   RW            1    STACK               startup_stm32f103xb.o


==============================================================================

Image component sizes


      Code (inc. data)   RO Data    RW Data    ZI Data      Debug   Object Name

       340         66          0          0        116       1643   adc.o
       336         10          0          0       1024       3306   dataflash.o
        84          4          0          0          0        694   dma.o
       184         14          0          0          0        855   gpio.o
      2856        284          0        138        428       9376   main.o
       384         46          0          3          0       4661   spi.o
        36          8        236          0       1024        780   startup_stm32f103xb.o
       108         20          0          4          0       2963   stm32f1xx_hal.o
      1406         56          0          0          0       8030   stm32f1xx_hal_adc.o
         0          0          0          0          0     451404   stm32f1xx_hal_adc_ex.o
       348         22          0          0          0      27625   stm32f1xx_hal_cortex.o
       900         12          0          0          0       4066   stm32f1xx_hal_dma.o
       516         50          0          0         32       4010   stm32f1xx_hal_flash.o
       256         26          0          0          0       2463   stm32f1xx_hal_flash_ex.o
       824         32          0          0          0       3215   stm32f1xx_hal_gpio.o
       148          8          0          0          0        802   stm32f1xx_hal_msp.o
      1776        110          0          0          0       5760   stm32f1xx_hal_rcc.o
       304         14          0          0          0       1352   stm32f1xx_hal_rcc_ex.o
      1766         34          0          0          0      13436   stm32f1xx_hal_tim.o
       300          0          0          0          0       4197   stm32f1xx_hal_tim_ex.o
      1868         40          0          0          0      12628   stm32f1xx_hal_uart.o
       116         30          0          0          0       5836   stm32f1xx_it.o
        88         18         24          4          0       1091   system_stm32f1xx.o
       346         42          0          0         64       2648   tim.o
       262         16          0          0         48       3024   timer.o
       396         84          0          0        200       2198   usart.o

    ----------------------------------------------------------------------
     15966       1046        292        156       2940     578063   Object Totals
         0          0         32          0          0          0   (incl. Generated)
        18          0          0          7          4          0   (incl. Padding)

    ----------------------------------------------------------------------

      Code (inc. data)   RO Data    RW Data    ZI Data      Debug   Library Member Name

         0          0          0          0          0          0   entry.o
         0          0          0          0          0          0   entry10a.o
         0          0          0          0          0          0   entry11a.o
         8          4          0          0          0          0   entry2.o
         4          0          0          0          0          0   entry5.o
         0          0          0          0          0          0   entry7b.o
         0          0          0          0          0          0   entry8b.o
         8          4          0          0          0          0   entry9a.o
        30          0          0          0          0          0   handlers.o
        36          8          0          0          0         68   init.o
         0          0          0          0          0          0   iusefp.o
        30          0          0          0          0         68   llshl.o
        36          0          0          0          0         68   llsshr.o
        32          0          0          0          0         68   llushr.o
        48          0          0          0          0         68   cdcmple.o
        48          0          0          0          0         68   cdrcmple.o
        56          0          0          0          0         88   d2f.o
       334          0          0          0          0        148   dadd.o
       222          0          0          0          0        100   ddiv.o
       186          0          0          0          0        176   depilogue.o
        62          0          0          0          0         80   dfixi.o
        50          0          0          0          0         76   dfixui.o
        34          0          0          0          0         76   dflti.o
       228          0          0          0          0         96   dmul.o
       124          0          0          0          0         88   fdiv.o
       110          0          0          0          0        168   fepilogue.o
        50          0          0          0          0         68   ffixi.o
        18          0          0          0          0         68   fflti.o
       100          0          0          0          0         76   fmul.o

    ----------------------------------------------------------------------
      1858         16          0          0          0       1716   Library Totals
         4          0          0          0          0          0   (incl. Padding)

    ----------------------------------------------------------------------

      Code (inc. data)   RO Data    RW Data    ZI Data      Debug   Library Name

       184         16          0          0          0        272   mc_w.l
      1670          0          0          0          0       1444   mf_w.l

    ----------------------------------------------------------------------
      1858         16          0          0          0       1716   Library Totals

    ----------------------------------------------------------------------

==============================================================================


      Code (inc. data)   RO Data    RW Data    ZI Data      Debug   

     17824       1062        292        156       2940     571455   Grand Totals
     17824       1062        292        156       2940     571455   ELF Image Totals
     17824       1062        292        156          0          0   ROM Totals

==============================================================================

    Total RO  Size (Code + RO Data)                18116 (  17.69kB)
    Total RW  Size (RW Data + ZI Data)              3096 (   3.02kB)
    Total ROM Size (Code + RO Data + RW Data)      18272 (  17.84kB)

==============================================================================

